// Jest Snapshot v1, https://goo.gl/fbAQLP

exports[`redo_undo: transform position test simulate set currentSceneTreeNode test redo operate test redo one step undo step which from second to zero, redo step which from zero to first 1`] = `
<article
  className="wonder-inspector-transform"
>
  <article
    className="inspector-item wonder-three-float-input"
  >
    <div
      className="item-header"
    >
      Position
    </div>
    <div
      className="item-content"
    >
      <article
        className="inspector-item wonder-float-input"
      >
        <div
          className="item-header component-label"
          onMouseDown={[Function]}
          onMouseMove={[Function]}
          onMouseUp={[Function]}
        >
          X
        </div>
        <div
          className="item-content"
        >
          <input
            className="input-component float-input"
            onBlur={[Function]}
            onChange={[Function]}
            type="text"
            value="11.25"
          />
        </div>
      </article>
      <article
        className="inspector-item wonder-float-input"
      >
        <div
          className="item-header component-label"
          onMouseDown={[Function]}
          onMouseMove={[Function]}
          onMouseUp={[Function]}
        >
          Y
        </div>
        <div
          className="item-content"
        >
          <input
            className="input-component float-input"
            onBlur={[Function]}
            onChange={[Function]}
            type="text"
            value="0"
          />
        </div>
      </article>
      <article
        className="inspector-item wonder-float-input"
      >
        <div
          className="item-header component-label"
          onMouseDown={[Function]}
          onMouseMove={[Function]}
          onMouseUp={[Function]}
        >
          Z
        </div>
        <div
          className="item-content"
        >
          <input
            className="input-component float-input"
            onBlur={[Function]}
            onChange={[Function]}
            type="text"
            value="0"
          />
        </div>
      </article>
    </div>
  </article>
  <article
    className="inspector-item wonder-three-float-input"
  >
    <div
      className="item-header"
    >
      Rotation
    </div>
    <div
      className="item-content"
    >
      <article
        className="inspector-item wonder-float-input"
      >
        <div
          className="item-header component-label"
          onMouseDown={[Function]}
          onMouseMove={[Function]}
          onMouseUp={[Function]}
        >
          X
        </div>
        <div
          className="item-content"
        >
          <input
            className="input-component float-input"
            onBlur={[Function]}
            onChange={[Function]}
            type="text"
            value="0"
          />
        </div>
      </article>
      <article
        className="inspector-item wonder-float-input"
      >
        <div
          className="item-header component-label"
          onMouseDown={[Function]}
          onMouseMove={[Function]}
          onMouseUp={[Function]}
        >
          Y
        </div>
        <div
          className="item-content"
        >
          <input
            className="input-component float-input"
            onBlur={[Function]}
            onChange={[Function]}
            type="text"
            value="0"
          />
        </div>
      </article>
      <article
        className="inspector-item wonder-float-input"
      >
        <div
          className="item-header component-label"
          onMouseDown={[Function]}
          onMouseMove={[Function]}
          onMouseUp={[Function]}
        >
          Z
        </div>
        <div
          className="item-content"
        >
          <input
            className="input-component float-input"
            onBlur={[Function]}
            onChange={[Function]}
            type="text"
            value="0"
          />
        </div>
      </article>
    </div>
  </article>
  <article
    className="inspector-item wonder-three-float-input"
  >
    <div
      className="item-header"
    >
      Scale
    </div>
    <div
      className="item-content"
    >
      <article
        className="inspector-item wonder-float-input"
      >
        <div
          className="item-header component-label"
          onMouseDown={[Function]}
          onMouseMove={[Function]}
          onMouseUp={[Function]}
        >
          X
        </div>
        <div
          className="item-content"
        >
          <input
            className="input-component float-input"
            onBlur={[Function]}
            onChange={[Function]}
            type="text"
            value="1"
          />
        </div>
      </article>
      <article
        className="inspector-item wonder-float-input"
      >
        <div
          className="item-header component-label"
          onMouseDown={[Function]}
          onMouseMove={[Function]}
          onMouseUp={[Function]}
        >
          Y
        </div>
        <div
          className="item-content"
        >
          <input
            className="input-component float-input"
            onBlur={[Function]}
            onChange={[Function]}
            type="text"
            value="1"
          />
        </div>
      </article>
      <article
        className="inspector-item wonder-float-input"
      >
        <div
          className="item-header component-label"
          onMouseDown={[Function]}
          onMouseMove={[Function]}
          onMouseUp={[Function]}
        >
          Z
        </div>
        <div
          className="item-content"
        >
          <input
            className="input-component float-input"
            onBlur={[Function]}
            onChange={[Function]}
            type="text"
            value="1"
          />
        </div>
      </article>
    </div>
  </article>
</article>
`;

exports[`redo_undo: transform position test simulate set currentSceneTreeNode test redo operate test redo two step undo step which from second to zero,redo step which from zero to second 1`] = `
<article
  className="wonder-inspector-transform"
>
  <article
    className="inspector-item wonder-three-float-input"
  >
    <div
      className="item-header"
    >
      Position
    </div>
    <div
      className="item-content"
    >
      <article
        className="inspector-item wonder-float-input"
      >
        <div
          className="item-header component-label"
          onMouseDown={[Function]}
          onMouseMove={[Function]}
          onMouseUp={[Function]}
        >
          X
        </div>
        <div
          className="item-content"
        >
          <input
            className="input-component float-input"
            onBlur={[Function]}
            onChange={[Function]}
            type="text"
            value="11.25"
          />
        </div>
      </article>
      <article
        className="inspector-item wonder-float-input"
      >
        <div
          className="item-header component-label"
          onMouseDown={[Function]}
          onMouseMove={[Function]}
          onMouseUp={[Function]}
        >
          Y
        </div>
        <div
          className="item-content"
        >
          <input
            className="input-component float-input"
            onBlur={[Function]}
            onChange={[Function]}
            type="text"
            value="15"
          />
        </div>
      </article>
      <article
        className="inspector-item wonder-float-input"
      >
        <div
          className="item-header component-label"
          onMouseDown={[Function]}
          onMouseMove={[Function]}
          onMouseUp={[Function]}
        >
          Z
        </div>
        <div
          className="item-content"
        >
          <input
            className="input-component float-input"
            onBlur={[Function]}
            onChange={[Function]}
            type="text"
            value="0"
          />
        </div>
      </article>
    </div>
  </article>
  <article
    className="inspector-item wonder-three-float-input"
  >
    <div
      className="item-header"
    >
      Rotation
    </div>
    <div
      className="item-content"
    >
      <article
        className="inspector-item wonder-float-input"
      >
        <div
          className="item-header component-label"
          onMouseDown={[Function]}
          onMouseMove={[Function]}
          onMouseUp={[Function]}
        >
          X
        </div>
        <div
          className="item-content"
        >
          <input
            className="input-component float-input"
            onBlur={[Function]}
            onChange={[Function]}
            type="text"
            value="0"
          />
        </div>
      </article>
      <article
        className="inspector-item wonder-float-input"
      >
        <div
          className="item-header component-label"
          onMouseDown={[Function]}
          onMouseMove={[Function]}
          onMouseUp={[Function]}
        >
          Y
        </div>
        <div
          className="item-content"
        >
          <input
            className="input-component float-input"
            onBlur={[Function]}
            onChange={[Function]}
            type="text"
            value="0"
          />
        </div>
      </article>
      <article
        className="inspector-item wonder-float-input"
      >
        <div
          className="item-header component-label"
          onMouseDown={[Function]}
          onMouseMove={[Function]}
          onMouseUp={[Function]}
        >
          Z
        </div>
        <div
          className="item-content"
        >
          <input
            className="input-component float-input"
            onBlur={[Function]}
            onChange={[Function]}
            type="text"
            value="0"
          />
        </div>
      </article>
    </div>
  </article>
  <article
    className="inspector-item wonder-three-float-input"
  >
    <div
      className="item-header"
    >
      Scale
    </div>
    <div
      className="item-content"
    >
      <article
        className="inspector-item wonder-float-input"
      >
        <div
          className="item-header component-label"
          onMouseDown={[Function]}
          onMouseMove={[Function]}
          onMouseUp={[Function]}
        >
          X
        </div>
        <div
          className="item-content"
        >
          <input
            className="input-component float-input"
            onBlur={[Function]}
            onChange={[Function]}
            type="text"
            value="1"
          />
        </div>
      </article>
      <article
        className="inspector-item wonder-float-input"
      >
        <div
          className="item-header component-label"
          onMouseDown={[Function]}
          onMouseMove={[Function]}
          onMouseUp={[Function]}
        >
          Y
        </div>
        <div
          className="item-content"
        >
          <input
            className="input-component float-input"
            onBlur={[Function]}
            onChange={[Function]}
            type="text"
            value="1"
          />
        </div>
      </article>
      <article
        className="inspector-item wonder-float-input"
      >
        <div
          className="item-header component-label"
          onMouseDown={[Function]}
          onMouseMove={[Function]}
          onMouseUp={[Function]}
        >
          Z
        </div>
        <div
          className="item-content"
        >
          <input
            className="input-component float-input"
            onBlur={[Function]}
            onChange={[Function]}
            type="text"
            value="1"
          />
        </div>
      </article>
    </div>
  </article>
</article>
`;

exports[`redo_undo: transform position test simulate set currentSceneTreeNode test undo operate test not undo 1`] = `
<article
  className="wonder-inspector-transform"
>
  <article
    className="inspector-item wonder-three-float-input"
  >
    <div
      className="item-header"
    >
      Position
    </div>
    <div
      className="item-content"
    >
      <article
        className="inspector-item wonder-float-input"
      >
        <div
          className="item-header component-label"
          onMouseDown={[Function]}
          onMouseMove={[Function]}
          onMouseUp={[Function]}
        >
          X
        </div>
        <div
          className="item-content"
        >
          <input
            className="input-component float-input"
            onBlur={[Function]}
            onChange={[Function]}
            type="text"
            value="11.25"
          />
        </div>
      </article>
      <article
        className="inspector-item wonder-float-input"
      >
        <div
          className="item-header component-label"
          onMouseDown={[Function]}
          onMouseMove={[Function]}
          onMouseUp={[Function]}
        >
          Y
        </div>
        <div
          className="item-content"
        >
          <input
            className="input-component float-input"
            onBlur={[Function]}
            onChange={[Function]}
            type="text"
            value="15"
          />
        </div>
      </article>
      <article
        className="inspector-item wonder-float-input"
      >
        <div
          className="item-header component-label"
          onMouseDown={[Function]}
          onMouseMove={[Function]}
          onMouseUp={[Function]}
        >
          Z
        </div>
        <div
          className="item-content"
        >
          <input
            className="input-component float-input"
            onBlur={[Function]}
            onChange={[Function]}
            type="text"
            value="0"
          />
        </div>
      </article>
    </div>
  </article>
  <article
    className="inspector-item wonder-three-float-input"
  >
    <div
      className="item-header"
    >
      Rotation
    </div>
    <div
      className="item-content"
    >
      <article
        className="inspector-item wonder-float-input"
      >
        <div
          className="item-header component-label"
          onMouseDown={[Function]}
          onMouseMove={[Function]}
          onMouseUp={[Function]}
        >
          X
        </div>
        <div
          className="item-content"
        >
          <input
            className="input-component float-input"
            onBlur={[Function]}
            onChange={[Function]}
            type="text"
            value="0"
          />
        </div>
      </article>
      <article
        className="inspector-item wonder-float-input"
      >
        <div
          className="item-header component-label"
          onMouseDown={[Function]}
          onMouseMove={[Function]}
          onMouseUp={[Function]}
        >
          Y
        </div>
        <div
          className="item-content"
        >
          <input
            className="input-component float-input"
            onBlur={[Function]}
            onChange={[Function]}
            type="text"
            value="0"
          />
        </div>
      </article>
      <article
        className="inspector-item wonder-float-input"
      >
        <div
          className="item-header component-label"
          onMouseDown={[Function]}
          onMouseMove={[Function]}
          onMouseUp={[Function]}
        >
          Z
        </div>
        <div
          className="item-content"
        >
          <input
            className="input-component float-input"
            onBlur={[Function]}
            onChange={[Function]}
            type="text"
            value="0"
          />
        </div>
      </article>
    </div>
  </article>
  <article
    className="inspector-item wonder-three-float-input"
  >
    <div
      className="item-header"
    >
      Scale
    </div>
    <div
      className="item-content"
    >
      <article
        className="inspector-item wonder-float-input"
      >
        <div
          className="item-header component-label"
          onMouseDown={[Function]}
          onMouseMove={[Function]}
          onMouseUp={[Function]}
        >
          X
        </div>
        <div
          className="item-content"
        >
          <input
            className="input-component float-input"
            onBlur={[Function]}
            onChange={[Function]}
            type="text"
            value="1"
          />
        </div>
      </article>
      <article
        className="inspector-item wonder-float-input"
      >
        <div
          className="item-header component-label"
          onMouseDown={[Function]}
          onMouseMove={[Function]}
          onMouseUp={[Function]}
        >
          Y
        </div>
        <div
          className="item-content"
        >
          <input
            className="input-component float-input"
            onBlur={[Function]}
            onChange={[Function]}
            type="text"
            value="1"
          />
        </div>
      </article>
      <article
        className="inspector-item wonder-float-input"
      >
        <div
          className="item-header component-label"
          onMouseDown={[Function]}
          onMouseMove={[Function]}
          onMouseUp={[Function]}
        >
          Z
        </div>
        <div
          className="item-content"
        >
          <input
            className="input-component float-input"
            onBlur={[Function]}
            onChange={[Function]}
            type="text"
            value="1"
          />
        </div>
      </article>
    </div>
  </article>
</article>
`;

exports[`redo_undo: transform position test simulate set currentSceneTreeNode test undo operate test undo one step step which from second to first 1`] = `
<article
  className="wonder-inspector-transform"
>
  <article
    className="inspector-item wonder-three-float-input"
  >
    <div
      className="item-header"
    >
      Position
    </div>
    <div
      className="item-content"
    >
      <article
        className="inspector-item wonder-float-input"
      >
        <div
          className="item-header component-label"
          onMouseDown={[Function]}
          onMouseMove={[Function]}
          onMouseUp={[Function]}
        >
          X
        </div>
        <div
          className="item-content"
        >
          <input
            className="input-component float-input"
            onBlur={[Function]}
            onChange={[Function]}
            type="text"
            value="11.25"
          />
        </div>
      </article>
      <article
        className="inspector-item wonder-float-input"
      >
        <div
          className="item-header component-label"
          onMouseDown={[Function]}
          onMouseMove={[Function]}
          onMouseUp={[Function]}
        >
          Y
        </div>
        <div
          className="item-content"
        >
          <input
            className="input-component float-input"
            onBlur={[Function]}
            onChange={[Function]}
            type="text"
            value="0"
          />
        </div>
      </article>
      <article
        className="inspector-item wonder-float-input"
      >
        <div
          className="item-header component-label"
          onMouseDown={[Function]}
          onMouseMove={[Function]}
          onMouseUp={[Function]}
        >
          Z
        </div>
        <div
          className="item-content"
        >
          <input
            className="input-component float-input"
            onBlur={[Function]}
            onChange={[Function]}
            type="text"
            value="0"
          />
        </div>
      </article>
    </div>
  </article>
  <article
    className="inspector-item wonder-three-float-input"
  >
    <div
      className="item-header"
    >
      Rotation
    </div>
    <div
      className="item-content"
    >
      <article
        className="inspector-item wonder-float-input"
      >
        <div
          className="item-header component-label"
          onMouseDown={[Function]}
          onMouseMove={[Function]}
          onMouseUp={[Function]}
        >
          X
        </div>
        <div
          className="item-content"
        >
          <input
            className="input-component float-input"
            onBlur={[Function]}
            onChange={[Function]}
            type="text"
            value="0"
          />
        </div>
      </article>
      <article
        className="inspector-item wonder-float-input"
      >
        <div
          className="item-header component-label"
          onMouseDown={[Function]}
          onMouseMove={[Function]}
          onMouseUp={[Function]}
        >
          Y
        </div>
        <div
          className="item-content"
        >
          <input
            className="input-component float-input"
            onBlur={[Function]}
            onChange={[Function]}
            type="text"
            value="0"
          />
        </div>
      </article>
      <article
        className="inspector-item wonder-float-input"
      >
        <div
          className="item-header component-label"
          onMouseDown={[Function]}
          onMouseMove={[Function]}
          onMouseUp={[Function]}
        >
          Z
        </div>
        <div
          className="item-content"
        >
          <input
            className="input-component float-input"
            onBlur={[Function]}
            onChange={[Function]}
            type="text"
            value="0"
          />
        </div>
      </article>
    </div>
  </article>
  <article
    className="inspector-item wonder-three-float-input"
  >
    <div
      className="item-header"
    >
      Scale
    </div>
    <div
      className="item-content"
    >
      <article
        className="inspector-item wonder-float-input"
      >
        <div
          className="item-header component-label"
          onMouseDown={[Function]}
          onMouseMove={[Function]}
          onMouseUp={[Function]}
        >
          X
        </div>
        <div
          className="item-content"
        >
          <input
            className="input-component float-input"
            onBlur={[Function]}
            onChange={[Function]}
            type="text"
            value="1"
          />
        </div>
      </article>
      <article
        className="inspector-item wonder-float-input"
      >
        <div
          className="item-header component-label"
          onMouseDown={[Function]}
          onMouseMove={[Function]}
          onMouseUp={[Function]}
        >
          Y
        </div>
        <div
          className="item-content"
        >
          <input
            className="input-component float-input"
            onBlur={[Function]}
            onChange={[Function]}
            type="text"
            value="1"
          />
        </div>
      </article>
      <article
        className="inspector-item wonder-float-input"
      >
        <div
          className="item-header component-label"
          onMouseDown={[Function]}
          onMouseMove={[Function]}
          onMouseUp={[Function]}
        >
          Z
        </div>
        <div
          className="item-content"
        >
          <input
            className="input-component float-input"
            onBlur={[Function]}
            onChange={[Function]}
            type="text"
            value="1"
          />
        </div>
      </article>
    </div>
  </article>
</article>
`;

exports[`redo_undo: transform position test simulate set currentSceneTreeNode test undo operate test undo two step step which from second to zero 1`] = `
<article
  className="wonder-inspector-transform"
>
  <article
    className="inspector-item wonder-three-float-input"
  >
    <div
      className="item-header"
    >
      Position
    </div>
    <div
      className="item-content"
    >
      <article
        className="inspector-item wonder-float-input"
      >
        <div
          className="item-header component-label"
          onMouseDown={[Function]}
          onMouseMove={[Function]}
          onMouseUp={[Function]}
        >
          X
        </div>
        <div
          className="item-content"
        >
          <input
            className="input-component float-input"
            onBlur={[Function]}
            onChange={[Function]}
            type="text"
            value="0"
          />
        </div>
      </article>
      <article
        className="inspector-item wonder-float-input"
      >
        <div
          className="item-header component-label"
          onMouseDown={[Function]}
          onMouseMove={[Function]}
          onMouseUp={[Function]}
        >
          Y
        </div>
        <div
          className="item-content"
        >
          <input
            className="input-component float-input"
            onBlur={[Function]}
            onChange={[Function]}
            type="text"
            value="0"
          />
        </div>
      </article>
      <article
        className="inspector-item wonder-float-input"
      >
        <div
          className="item-header component-label"
          onMouseDown={[Function]}
          onMouseMove={[Function]}
          onMouseUp={[Function]}
        >
          Z
        </div>
        <div
          className="item-content"
        >
          <input
            className="input-component float-input"
            onBlur={[Function]}
            onChange={[Function]}
            type="text"
            value="0"
          />
        </div>
      </article>
    </div>
  </article>
  <article
    className="inspector-item wonder-three-float-input"
  >
    <div
      className="item-header"
    >
      Rotation
    </div>
    <div
      className="item-content"
    >
      <article
        className="inspector-item wonder-float-input"
      >
        <div
          className="item-header component-label"
          onMouseDown={[Function]}
          onMouseMove={[Function]}
          onMouseUp={[Function]}
        >
          X
        </div>
        <div
          className="item-content"
        >
          <input
            className="input-component float-input"
            onBlur={[Function]}
            onChange={[Function]}
            type="text"
            value="0"
          />
        </div>
      </article>
      <article
        className="inspector-item wonder-float-input"
      >
        <div
          className="item-header component-label"
          onMouseDown={[Function]}
          onMouseMove={[Function]}
          onMouseUp={[Function]}
        >
          Y
        </div>
        <div
          className="item-content"
        >
          <input
            className="input-component float-input"
            onBlur={[Function]}
            onChange={[Function]}
            type="text"
            value="0"
          />
        </div>
      </article>
      <article
        className="inspector-item wonder-float-input"
      >
        <div
          className="item-header component-label"
          onMouseDown={[Function]}
          onMouseMove={[Function]}
          onMouseUp={[Function]}
        >
          Z
        </div>
        <div
          className="item-content"
        >
          <input
            className="input-component float-input"
            onBlur={[Function]}
            onChange={[Function]}
            type="text"
            value="0"
          />
        </div>
      </article>
    </div>
  </article>
  <article
    className="inspector-item wonder-three-float-input"
  >
    <div
      className="item-header"
    >
      Scale
    </div>
    <div
      className="item-content"
    >
      <article
        className="inspector-item wonder-float-input"
      >
        <div
          className="item-header component-label"
          onMouseDown={[Function]}
          onMouseMove={[Function]}
          onMouseUp={[Function]}
        >
          X
        </div>
        <div
          className="item-content"
        >
          <input
            className="input-component float-input"
            onBlur={[Function]}
            onChange={[Function]}
            type="text"
            value="1"
          />
        </div>
      </article>
      <article
        className="inspector-item wonder-float-input"
      >
        <div
          className="item-header component-label"
          onMouseDown={[Function]}
          onMouseMove={[Function]}
          onMouseUp={[Function]}
        >
          Y
        </div>
        <div
          className="item-content"
        >
          <input
            className="input-component float-input"
            onBlur={[Function]}
            onChange={[Function]}
            type="text"
            value="1"
          />
        </div>
      </article>
      <article
        className="inspector-item wonder-float-input"
      >
        <div
          className="item-header component-label"
          onMouseDown={[Function]}
          onMouseMove={[Function]}
          onMouseUp={[Function]}
        >
          Z
        </div>
        <div
          className="item-content"
        >
          <input
            className="input-component float-input"
            onBlur={[Function]}
            onChange={[Function]}
            type="text"
            value="1"
          />
        </div>
      </article>
    </div>
  </article>
</article>
`;
