// Jest Snapshot v1, https://goo.gl/fbAQLP

exports[`MainEditorTransform rotation test change rotation value deal with the specific case 
      1.getTransformRotationData;
      2.set rotation to (x:-45.0, y:180.0);

      inspector->transform->rotation should show (-45.0, 180.0, 0.0)
       1`] = `
<article
  className="wonder-inspector-transform"
>
  <article
    className="inspector-item wonder-three-float-input"
  >
    <div
      className="item-header"
    >
      Position
    </div>
    <div
      className="item-content"
    >
      <article
        className="inspector-item wonder-float-input"
      >
        <div
          className="item-header component-label"
          onMouseDown={[Function]}
          onMouseMove={[Function]}
          onMouseUp={[Function]}
        >
          X
        </div>
        <div
          className="item-content"
        >
          <input
            className="input-component float-input"
            onBlur={[Function]}
            onChange={[Function]}
            type="text"
            value="0"
          />
        </div>
      </article>
      <article
        className="inspector-item wonder-float-input"
      >
        <div
          className="item-header component-label"
          onMouseDown={[Function]}
          onMouseMove={[Function]}
          onMouseUp={[Function]}
        >
          Y
        </div>
        <div
          className="item-content"
        >
          <input
            className="input-component float-input"
            onBlur={[Function]}
            onChange={[Function]}
            type="text"
            value="0"
          />
        </div>
      </article>
      <article
        className="inspector-item wonder-float-input"
      >
        <div
          className="item-header component-label"
          onMouseDown={[Function]}
          onMouseMove={[Function]}
          onMouseUp={[Function]}
        >
          Z
        </div>
        <div
          className="item-content"
        >
          <input
            className="input-component float-input"
            onBlur={[Function]}
            onChange={[Function]}
            type="text"
            value="0"
          />
        </div>
      </article>
    </div>
  </article>
  <article
    className="inspector-item wonder-three-float-input"
  >
    <div
      className="item-header"
    >
      Rotation
    </div>
    <div
      className="item-content"
    >
      <article
        className="inspector-item wonder-float-input"
      >
        <div
          className="item-header component-label"
          onMouseDown={[Function]}
          onMouseMove={[Function]}
          onMouseUp={[Function]}
        >
          X
        </div>
        <div
          className="item-content"
        >
          <input
            className="input-component float-input"
            onBlur={[Function]}
            onChange={[Function]}
            type="text"
            value="135"
          />
        </div>
      </article>
      <article
        className="inspector-item wonder-float-input"
      >
        <div
          className="item-header component-label"
          onMouseDown={[Function]}
          onMouseMove={[Function]}
          onMouseUp={[Function]}
        >
          Y
        </div>
        <div
          className="item-content"
        >
          <input
            className="input-component float-input"
            onBlur={[Function]}
            onChange={[Function]}
            type="text"
            value="0"
          />
        </div>
      </article>
      <article
        className="inspector-item wonder-float-input"
      >
        <div
          className="item-header component-label"
          onMouseDown={[Function]}
          onMouseMove={[Function]}
          onMouseUp={[Function]}
        >
          Z
        </div>
        <div
          className="item-content"
        >
          <input
            className="input-component float-input"
            onBlur={[Function]}
            onChange={[Function]}
            type="text"
            value="180"
          />
        </div>
      </article>
    </div>
  </article>
  <article
    className="inspector-item wonder-three-float-input"
  >
    <div
      className="item-header"
    >
      Scale
    </div>
    <div
      className="item-content"
    >
      <article
        className="inspector-item wonder-float-input"
      >
        <div
          className="item-header component-label"
          onMouseDown={[Function]}
          onMouseMove={[Function]}
          onMouseUp={[Function]}
        >
          X
        </div>
        <div
          className="item-content"
        >
          <input
            className="input-component float-input"
            onBlur={[Function]}
            onChange={[Function]}
            type="text"
            value="1"
          />
        </div>
      </article>
      <article
        className="inspector-item wonder-float-input"
      >
        <div
          className="item-header component-label"
          onMouseDown={[Function]}
          onMouseMove={[Function]}
          onMouseUp={[Function]}
        >
          Y
        </div>
        <div
          className="item-content"
        >
          <input
            className="input-component float-input"
            onBlur={[Function]}
            onChange={[Function]}
            type="text"
            value="1"
          />
        </div>
      </article>
      <article
        className="inspector-item wonder-float-input"
      >
        <div
          className="item-header component-label"
          onMouseDown={[Function]}
          onMouseMove={[Function]}
          onMouseUp={[Function]}
        >
          Z
        </div>
        <div
          className="item-content"
        >
          <input
            className="input-component float-input"
            onBlur={[Function]}
            onChange={[Function]}
            type="text"
            value="1"
          />
        </div>
      </article>
    </div>
  </article>
</article>
`;

exports[`MainEditorTransform rotation test change rotation value deal with the specific case 
      1.getTransformRotationData;
      2.set rotation to (x:-45.0, y:180.0, z:0.0);

      inspector->transform->rotation should show (-45.0, 180.0, 0.0)
       1`] = `
<article
  className="wonder-inspector-transform"
>
  <article
    className="inspector-item wonder-three-float-input"
  >
    <div
      className="item-header"
    >
      Position
    </div>
    <div
      className="item-content"
    >
      <article
        className="inspector-item wonder-float-input"
      >
        <div
          className="item-header component-label"
          onMouseDown={[Function]}
          onMouseMove={[Function]}
          onMouseUp={[Function]}
        >
          X
        </div>
        <div
          className="item-content"
        >
          <input
            className="input-component float-input"
            onBlur={[Function]}
            onChange={[Function]}
            type="text"
            value="0"
          />
        </div>
      </article>
      <article
        className="inspector-item wonder-float-input"
      >
        <div
          className="item-header component-label"
          onMouseDown={[Function]}
          onMouseMove={[Function]}
          onMouseUp={[Function]}
        >
          Y
        </div>
        <div
          className="item-content"
        >
          <input
            className="input-component float-input"
            onBlur={[Function]}
            onChange={[Function]}
            type="text"
            value="0"
          />
        </div>
      </article>
      <article
        className="inspector-item wonder-float-input"
      >
        <div
          className="item-header component-label"
          onMouseDown={[Function]}
          onMouseMove={[Function]}
          onMouseUp={[Function]}
        >
          Z
        </div>
        <div
          className="item-content"
        >
          <input
            className="input-component float-input"
            onBlur={[Function]}
            onChange={[Function]}
            type="text"
            value="0"
          />
        </div>
      </article>
    </div>
  </article>
  <article
    className="inspector-item wonder-three-float-input"
  >
    <div
      className="item-header"
    >
      Rotation
    </div>
    <div
      className="item-content"
    >
      <article
        className="inspector-item wonder-float-input"
      >
        <div
          className="item-header component-label"
          onMouseDown={[Function]}
          onMouseMove={[Function]}
          onMouseUp={[Function]}
        >
          X
        </div>
        <div
          className="item-content"
        >
          <input
            className="input-component float-input"
            onBlur={[Function]}
            onChange={[Function]}
            type="text"
            value="-45"
          />
        </div>
      </article>
      <article
        className="inspector-item wonder-float-input"
      >
        <div
          className="item-header component-label"
          onMouseDown={[Function]}
          onMouseMove={[Function]}
          onMouseUp={[Function]}
        >
          Y
        </div>
        <div
          className="item-content"
        >
          <input
            className="input-component float-input"
            onBlur={[Function]}
            onChange={[Function]}
            type="text"
            value="180"
          />
        </div>
      </article>
      <article
        className="inspector-item wonder-float-input"
      >
        <div
          className="item-header component-label"
          onMouseDown={[Function]}
          onMouseMove={[Function]}
          onMouseUp={[Function]}
        >
          Z
        </div>
        <div
          className="item-content"
        >
          <input
            className="input-component float-input"
            onBlur={[Function]}
            onChange={[Function]}
            type="text"
            value="0"
          />
        </div>
      </article>
    </div>
  </article>
  <article
    className="inspector-item wonder-three-float-input"
  >
    <div
      className="item-header"
    >
      Scale
    </div>
    <div
      className="item-content"
    >
      <article
        className="inspector-item wonder-float-input"
      >
        <div
          className="item-header component-label"
          onMouseDown={[Function]}
          onMouseMove={[Function]}
          onMouseUp={[Function]}
        >
          X
        </div>
        <div
          className="item-content"
        >
          <input
            className="input-component float-input"
            onBlur={[Function]}
            onChange={[Function]}
            type="text"
            value="1"
          />
        </div>
      </article>
      <article
        className="inspector-item wonder-float-input"
      >
        <div
          className="item-header component-label"
          onMouseDown={[Function]}
          onMouseMove={[Function]}
          onMouseUp={[Function]}
        >
          Y
        </div>
        <div
          className="item-content"
        >
          <input
            className="input-component float-input"
            onBlur={[Function]}
            onChange={[Function]}
            type="text"
            value="1"
          />
        </div>
      </article>
      <article
        className="inspector-item wonder-float-input"
      >
        <div
          className="item-header component-label"
          onMouseDown={[Function]}
          onMouseMove={[Function]}
          onMouseUp={[Function]}
        >
          Z
        </div>
        <div
          className="item-content"
        >
          <input
            className="input-component float-input"
            onBlur={[Function]}
            onChange={[Function]}
            type="text"
            value="1"
          />
        </div>
      </article>
    </div>
  </article>
</article>
`;

exports[`MainEditorTransform rotation test change rotation value test change localEulerAngle x test snapshot 1`] = `
<article
  className="wonder-inspector-transform"
>
  <article
    className="inspector-item wonder-three-float-input"
  >
    <div
      className="item-header"
    >
      Position
    </div>
    <div
      className="item-content"
    >
      <article
        className="inspector-item wonder-float-input"
      >
        <div
          className="item-header component-label"
          onMouseDown={[Function]}
          onMouseMove={[Function]}
          onMouseUp={[Function]}
        >
          X
        </div>
        <div
          className="item-content"
        >
          <input
            className="input-component float-input"
            onBlur={[Function]}
            onChange={[Function]}
            type="text"
            value="0"
          />
        </div>
      </article>
      <article
        className="inspector-item wonder-float-input"
      >
        <div
          className="item-header component-label"
          onMouseDown={[Function]}
          onMouseMove={[Function]}
          onMouseUp={[Function]}
        >
          Y
        </div>
        <div
          className="item-content"
        >
          <input
            className="input-component float-input"
            onBlur={[Function]}
            onChange={[Function]}
            type="text"
            value="0"
          />
        </div>
      </article>
      <article
        className="inspector-item wonder-float-input"
      >
        <div
          className="item-header component-label"
          onMouseDown={[Function]}
          onMouseMove={[Function]}
          onMouseUp={[Function]}
        >
          Z
        </div>
        <div
          className="item-content"
        >
          <input
            className="input-component float-input"
            onBlur={[Function]}
            onChange={[Function]}
            type="text"
            value="0"
          />
        </div>
      </article>
    </div>
  </article>
  <article
    className="inspector-item wonder-three-float-input"
  >
    <div
      className="item-header"
    >
      Rotation
    </div>
    <div
      className="item-content"
    >
      <article
        className="inspector-item wonder-float-input"
      >
        <div
          className="item-header component-label"
          onMouseDown={[Function]}
          onMouseMove={[Function]}
          onMouseUp={[Function]}
        >
          X
        </div>
        <div
          className="item-content"
        >
          <input
            className="input-component float-input"
            onBlur={[Function]}
            onChange={[Function]}
            type="text"
            value="-10.1213"
          />
        </div>
      </article>
      <article
        className="inspector-item wonder-float-input"
      >
        <div
          className="item-header component-label"
          onMouseDown={[Function]}
          onMouseMove={[Function]}
          onMouseUp={[Function]}
        >
          Y
        </div>
        <div
          className="item-content"
        >
          <input
            className="input-component float-input"
            onBlur={[Function]}
            onChange={[Function]}
            type="text"
            value="0"
          />
        </div>
      </article>
      <article
        className="inspector-item wonder-float-input"
      >
        <div
          className="item-header component-label"
          onMouseDown={[Function]}
          onMouseMove={[Function]}
          onMouseUp={[Function]}
        >
          Z
        </div>
        <div
          className="item-content"
        >
          <input
            className="input-component float-input"
            onBlur={[Function]}
            onChange={[Function]}
            type="text"
            value="0"
          />
        </div>
      </article>
    </div>
  </article>
  <article
    className="inspector-item wonder-three-float-input"
  >
    <div
      className="item-header"
    >
      Scale
    </div>
    <div
      className="item-content"
    >
      <article
        className="inspector-item wonder-float-input"
      >
        <div
          className="item-header component-label"
          onMouseDown={[Function]}
          onMouseMove={[Function]}
          onMouseUp={[Function]}
        >
          X
        </div>
        <div
          className="item-content"
        >
          <input
            className="input-component float-input"
            onBlur={[Function]}
            onChange={[Function]}
            type="text"
            value="1"
          />
        </div>
      </article>
      <article
        className="inspector-item wonder-float-input"
      >
        <div
          className="item-header component-label"
          onMouseDown={[Function]}
          onMouseMove={[Function]}
          onMouseUp={[Function]}
        >
          Y
        </div>
        <div
          className="item-content"
        >
          <input
            className="input-component float-input"
            onBlur={[Function]}
            onChange={[Function]}
            type="text"
            value="1"
          />
        </div>
      </article>
      <article
        className="inspector-item wonder-float-input"
      >
        <div
          className="item-header component-label"
          onMouseDown={[Function]}
          onMouseMove={[Function]}
          onMouseUp={[Function]}
        >
          Z
        </div>
        <div
          className="item-content"
        >
          <input
            className="input-component float-input"
            onBlur={[Function]}
            onChange={[Function]}
            type="text"
            value="1"
          />
        </div>
      </article>
    </div>
  </article>
</article>
`;
