// Jest Snapshot v1, https://goo.gl/fbAQLP

exports[`MainEditorAssetHeader->add material else add material into specific treeNode test snapshot 1`] = `
<article
  className="wonder-asset-assetTree"
>
  <ul
    className="wonder-tree-node"
  >
    <li>
      <div
        className="item-triangle"
        onMouseDown={[Function]}
      >
        <img
          src="./public/img/down.png"
        />
      </div>
      <img
        className="treeNode-icon"
        src="./public/img/package.png"
      />
      <div
        className="draggable-container"
        draggable={true}
        onClick={[Function]}
        onDragEnd={[Function]}
        onDragEnter={[Function]}
        onDragLeave={[Function]}
        onDragOver={[Function]}
        onDragStart={[Function]}
        onDrop={[Function]}
        style={Object {}}
      >
        Assets
      </div>
    </li>
    <ul
      className="wonder-tree-node"
    >
      <li>
        <div
          className="item-triangle"
          onMouseDown={[Function]}
        >
          <img
            src="./public/img/down.png"
          />
        </div>
        <img
          className="treeNode-icon"
          src="./public/img/package.png"
        />
        <div
          className="draggable-container select-active"
          draggable={true}
          onClick={[Function]}
          onDragEnd={[Function]}
          onDragEnter={[Function]}
          onDragLeave={[Function]}
          onDragOver={[Function]}
          onDragStart={[Function]}
          onDrop={[Function]}
          style={Object {}}
        >
          NoName Folder
        </div>
      </li>
    </ul>
    <ul
      className="wonder-tree-node"
    >
      <li>
        <div
          className="item-triangle"
          onMouseDown={[Function]}
        >
          <img
            src="./public/img/down.png"
          />
        </div>
        <img
          className="treeNode-icon"
          src="./public/img/package.png"
        />
        <div
          className="draggable-container"
          draggable={true}
          onClick={[Function]}
          onDragEnd={[Function]}
          onDragEnter={[Function]}
          onDragLeave={[Function]}
          onDragOver={[Function]}
          onDragStart={[Function]}
          onDrop={[Function]}
          style={Object {}}
        >
          NoName Folder 1
        </div>
      </li>
      <ul
        className="wonder-tree-node"
      >
        <li>
          <div
            className="item-triangle"
          />
          <img
            className="treeNode-icon"
            src="./public/img/package.png"
          />
          <div
            className="draggable-container"
            draggable={true}
            onClick={[Function]}
            onDragEnd={[Function]}
            onDragEnter={[Function]}
            onDragLeave={[Function]}
            onDragOver={[Function]}
            onDragStart={[Function]}
            onDrop={[Function]}
            style={Object {}}
          >
            NoName Folder
          </div>
        </li>
      </ul>
      <ul
        className="wonder-tree-node"
      >
        <li>
          <div
            className="item-triangle"
          />
          <img
            className="treeNode-icon"
            src="./public/img/package.png"
          />
          <div
            className="draggable-container"
            draggable={true}
            onClick={[Function]}
            onDragEnd={[Function]}
            onDragEnter={[Function]}
            onDragLeave={[Function]}
            onDragOver={[Function]}
            onDragStart={[Function]}
            onDrop={[Function]}
            style={Object {}}
          >
            NoName Folder 1
          </div>
        </li>
      </ul>
    </ul>
  </ul>
</article>
`;

exports[`MainEditorAssetHeader->add material if not select specific treeNode should add material into root treeNode test snapshot 1`] = `
<article
  className="wonder-asset-component"
>
  <div
    className="asset-tree"
  >
    <article
      className="wonder-asset-header"
    >
      <div
        className="asset-header-item"
        onClick={[Function]}
      >
        <div
          className="item-canBeClick"
        >
          <img
            src="./public/img/add.png"
          />
        </div>
      </div>
      <div
        className="asset-header-item"
        onClick={[Function]}
      >
        <div
          className="item-notBeClick"
        >
          <img
            src="./public/img/notRemove.png"
          />
        </div>
      </div>
      <div
        className="asset-header-item"
      >
        <div
          className="item-canBeClick"
        >
          <img
            src="./public/img/load.png"
          />
          <input
            className="asset-fileLoad"
            multiple={false}
            onChange={[Function]}
            type="file"
          />
        </div>
      </div>
    </article>
    <article
      className="wonder-asset-assetTree"
    >
      <ul
        className="wonder-tree-node"
      >
        <li>
          <div
            className="item-triangle"
            onMouseDown={[Function]}
          >
            <img
              src="./public/img/down.png"
            />
          </div>
          <img
            className="treeNode-icon"
            src="./public/img/package.png"
          />
          <div
            className="draggable-container select-not-active"
            draggable={true}
            onClick={[Function]}
            onDragEnd={[Function]}
            onDragEnter={[Function]}
            onDragLeave={[Function]}
            onDragOver={[Function]}
            onDragStart={[Function]}
            onDrop={[Function]}
            style={Object {}}
          >
            Assets
          </div>
        </li>
      </ul>
    </article>
  </div>
  <article
    className="wonder-asset-assetChildren"
  >
    <article
      className="wonder-asset-fileBox "
      onClick={[Function]}
    >
      <div
        className="box-image"
      >
        <img
          onDragStart={[Function]}
          src="./public/img/mat.png"
        />
      </div>
      <div
        className="item-text "
      >
        <span>
          material1
        </span>
      </div>
    </article>
    <article
      className="wonder-asset-fileBox "
      onClick={[Function]}
    >
      <div
        className="box-image"
      >
        <img
          onDragStart={[Function]}
          src="./public/img/mat.png"
        />
      </div>
      <div
        className="item-text "
      >
        <span>
          New Material
        </span>
      </div>
    </article>
  </article>
</article>
`;

exports[`MainEditorAssetHeader->add material test name remove first material which use default name;
          add three material;

          the first new one's name should be removed-material's name;
                   1`] = `
<article
  className="wonder-asset-assetChildren"
>
  <article
    className="wonder-asset-fileBox "
    onClick={[Function]}
  >
    <div
      className="box-image"
    >
      <img
        onDragStart={[Function]}
        src="./public/img/mat.png"
      />
    </div>
    <div
      className="item-text "
    >
      <span>
        New Material
      </span>
    </div>
  </article>
  <article
    className="wonder-asset-fileBox "
    onClick={[Function]}
  >
    <div
      className="box-image"
    >
      <img
        onDragStart={[Function]}
        src="./public/img/mat.png"
      />
    </div>
    <div
      className="item-text "
    >
      <span>
        New Material 1
      </span>
    </div>
  </article>
  <article
    className="wonder-asset-fileBox "
    onClick={[Function]}
  >
    <div
      className="box-image"
    >
      <img
        onDragStart={[Function]}
        src="./public/img/mat.png"
      />
    </div>
    <div
      className="item-text "
    >
      <span>
        New Material 2
      </span>
    </div>
  </article>
</article>
`;

exports[`MainEditorAssetHeader->add material test name test default name 1`] = `
<article
  className="wonder-asset-component"
>
  <div
    className="asset-tree"
  >
    <article
      className="wonder-asset-header"
    >
      <div
        className="asset-header-item"
        onClick={[Function]}
      >
        <div
          className="item-canBeClick"
        >
          <img
            src="./public/img/add.png"
          />
        </div>
      </div>
      <div
        className="asset-header-item"
        onClick={[Function]}
      >
        <div
          className="item-notBeClick"
        >
          <img
            src="./public/img/notRemove.png"
          />
        </div>
      </div>
      <div
        className="asset-header-item"
      >
        <div
          className="item-canBeClick"
        >
          <img
            src="./public/img/load.png"
          />
          <input
            className="asset-fileLoad"
            multiple={false}
            onChange={[Function]}
            type="file"
          />
        </div>
      </div>
    </article>
    <article
      className="wonder-asset-assetTree"
    >
      <ul
        className="wonder-tree-node"
      >
        <li>
          <div
            className="item-triangle"
            onMouseDown={[Function]}
          >
            <img
              src="./public/img/down.png"
            />
          </div>
          <img
            className="treeNode-icon"
            src="./public/img/package.png"
          />
          <div
            className="draggable-container select-not-active"
            draggable={true}
            onClick={[Function]}
            onDragEnd={[Function]}
            onDragEnter={[Function]}
            onDragLeave={[Function]}
            onDragOver={[Function]}
            onDragStart={[Function]}
            onDrop={[Function]}
            style={Object {}}
          >
            Assets
          </div>
        </li>
      </ul>
    </article>
  </div>
  <article
    className="wonder-asset-assetChildren"
  >
    <article
      className="wonder-asset-fileBox "
      onClick={[Function]}
    >
      <div
        className="box-image"
      >
        <img
          onDragStart={[Function]}
          src="./public/img/mat.png"
        />
      </div>
      <div
        className="item-text "
      >
        <span>
          material1
        </span>
      </div>
    </article>
    <article
      className="wonder-asset-fileBox "
      onClick={[Function]}
    >
      <div
        className="box-image"
      >
        <img
          onDragStart={[Function]}
          src="./public/img/mat.png"
        />
      </div>
      <div
        className="item-text "
      >
        <span>
          New Material
        </span>
      </div>
    </article>
  </article>
</article>
`;
