// Jest Snapshot v1, https://goo.gl/fbAQLP

exports[`MainEditorAssetHeader->remove material 
        add material m1;
        select sceneTree->gameObject g1;
        g1 change material to m1;
        remove m1;
         g1 should use default light material test snapshot 1`] = `
<article
  className="wonder-inspector-material"
>
  <div
    className="inspector-item"
  >
    <div
      className="item-header"
    >
      Material
    </div>
    <div
      className="item-content"
    >
      <div
        className="inspector-select"
      >
        <div
          className="select-name"
          onClick={[Function]}
        >
          Wonder-Default-Light-Material
        </div>
        <div
          className="select-img"
          onClick={[Function]}
        >
          <img
            src="./public/img/select.png"
          />
        </div>
      </div>
    </div>
  </div>
  <div
    className="select-component-content"
  >
    <div
      className="select-component-item"
    >
      <div
        className="select-item-header"
      >
        Material
      </div>
      <div
        className="select-item-body"
      >
        <div
          className="select-item-content"
          onClick={[Function]}
        >
          Wonder-Default-Basic-Material
        </div>
        <div
          className="select-item-content select-item-active"
          onClick={[Function]}
        >
          Wonder-Default-Light-Material
        </div>
      </div>
    </div>
    <div
      className="select-component-bg"
      onClick={[Function]}
    />
  </div>
  <div
    className="material-value"
  >
    <article
      className="inspector-item"
    >
      <div
        className="item-header"
      >
        <span
          className=""
        >
          Type
        </span>
      </div>
      <div
        className="item-content"
      >
        <select
          onChange={[Function]}
          value="1"
        >
          <option
            value="0"
          >
            basic_material
          </option>
          <option
            value="1"
          >
            light_material
          </option>
        </select>
      </div>
    </article>
    <div
      className=""
    >
      <article
        className="wonder-light-material"
      >
        <article
          className="inspector-item"
        >
          <div
            className="item-header"
          >
            Diffcuse color
          </div>
          <div
            className="item-content item-color"
          >
            <div
              className="color-hex"
              onClick={[Function]}
              style={
                Object {
                  "background": "#ffffff",
                }
              }
            />
            <div
              className="color-select"
              onClick={[Function]}
            >
              <img
                src="./public/img/color.png"
              />
            </div>
          </div>
        </article>
        <article
          className="inspector-item"
        >
          <div
            className="item-header"
          >
            Diffuse map
          </div>
          <div
            className="item-content item-texture"
          >
            <div
              className="texture-img"
              onClick={[Function]}
              style={
                Object {
                  "opacity": "1",
                }
              }
            >
              <div
                className="img-dragBg"
                onDragEnter={[Function]}
                onDragLeave={[Function]}
                onDragOver={[Function]}
                onDrop={[Function]}
              />
            </div>
            <button
              className="texture-remove"
              onClick={[Function]}
            >
              Remove
            </button>
          </div>
        </article>
        <article
          className="inspector-item wonder-float-input"
        >
          <div
            className="item-header component-label"
            onMouseDown={[Function]}
            onMouseMove={[Function]}
            onMouseUp={[Function]}
          >
            Shininess
          </div>
          <div
            className="item-content"
          >
            <input
              className="input-component float-input"
              onBlur={[Function]}
              onChange={[Function]}
              type="text"
              value="32"
            />
          </div>
        </article>
      </article>
    </div>
    <div
      className="material-shade"
    />
  </div>
</article>
`;

exports[`MainEditorAssetHeader->remove material 
        add material m1;
        select sceneTree->gameObject g1;
        g1 change material to m1;
        remove m1;
         select material group shouldn't contain removed material assets 1`] = `
<article
  className="wonder-inspector-material"
>
  <div
    className="inspector-item"
  >
    <div
      className="item-header"
    >
      Material
    </div>
    <div
      className="item-content"
    >
      <div
        className="inspector-select"
      >
        <div
          className="select-name"
          onClick={[Function]}
        >
          Wonder-Default-Light-Material
        </div>
        <div
          className="select-img"
          onClick={[Function]}
        >
          <img
            src="./public/img/select.png"
          />
        </div>
      </div>
    </div>
  </div>
  <div
    className="select-component-content"
  >
    <div
      className="select-component-item"
    >
      <div
        className="select-item-header"
      >
        Material
      </div>
      <div
        className="select-item-body"
      >
        <div
          className="select-item-content"
          onClick={[Function]}
        >
          Wonder-Default-Basic-Material
        </div>
        <div
          className="select-item-content select-item-active"
          onClick={[Function]}
        >
          Wonder-Default-Light-Material
        </div>
      </div>
    </div>
    <div
      className="select-component-bg"
      onClick={[Function]}
    />
  </div>
  <div
    className="material-value"
  >
    <article
      className="inspector-item"
    >
      <div
        className="item-header"
      >
        <span
          className=""
        >
          Type
        </span>
      </div>
      <div
        className="item-content"
      >
        <select
          onChange={[Function]}
          value="1"
        >
          <option
            value="0"
          >
            basic_material
          </option>
          <option
            value="1"
          >
            light_material
          </option>
        </select>
      </div>
    </article>
    <div
      className=""
    >
      <article
        className="wonder-light-material"
      >
        <article
          className="inspector-item"
        >
          <div
            className="item-header"
          >
            Diffcuse color
          </div>
          <div
            className="item-content item-color"
          >
            <div
              className="color-hex"
              onClick={[Function]}
              style={
                Object {
                  "background": "#ffffff",
                }
              }
            />
            <div
              className="color-select"
              onClick={[Function]}
            >
              <img
                src="./public/img/color.png"
              />
            </div>
          </div>
        </article>
        <article
          className="inspector-item"
        >
          <div
            className="item-header"
          >
            Diffuse map
          </div>
          <div
            className="item-content item-texture"
          >
            <div
              className="texture-img"
              onClick={[Function]}
              style={
                Object {
                  "opacity": "1",
                }
              }
            >
              <div
                className="img-dragBg"
                onDragEnter={[Function]}
                onDragLeave={[Function]}
                onDragOver={[Function]}
                onDrop={[Function]}
              />
            </div>
            <button
              className="texture-remove"
              onClick={[Function]}
            >
              Remove
            </button>
          </div>
        </article>
        <article
          className="inspector-item wonder-float-input"
        >
          <div
            className="item-header component-label"
            onMouseDown={[Function]}
            onMouseMove={[Function]}
            onMouseUp={[Function]}
          >
            Shininess
          </div>
          <div
            className="item-content"
          >
            <input
              className="input-component float-input"
              onBlur={[Function]}
              onChange={[Function]}
              type="text"
              value="32"
            />
          </div>
        </article>
      </article>
    </div>
    <div
      className="material-shade"
    />
  </div>
</article>
`;

exports[`MainEditorAssetHeader->remove material 
        select material;
        click remove-button;
             should remove it from assetTreeRoot 1`] = `
<article
  className="wonder-asset-assetTree"
>
  <ul
    className="wonder-tree-node"
  >
    <li>
      <div
        className="item-triangle"
      />
      <img
        className="treeNode-icon"
        src="./public/img/package.png"
      />
      <div
        className="draggable-container select-not-active"
        draggable={true}
        onClick={[Function]}
        onDragEnd={[Function]}
        onDragEnter={[Function]}
        onDragLeave={[Function]}
        onDragOver={[Function]}
        onDragStart={[Function]}
        onDrop={[Function]}
        style={Object {}}
      >
        Assets
      </div>
    </li>
  </ul>
</article>
`;
