// Jest Snapshot v1, https://goo.gl/fbAQLP

exports[`material inspector test rename material if type is basicMaterial, rename to default basic material name should not work 1`] = `
<article
  className="wonder-inspector-component"
>
  <article
    className="wonder-inspector-assetTree"
  >
    <article
      className="wonder-material-inspector"
    >
      <h1>
        Material
      </h1>
      <hr />
      <article
        className="inspector-item"
      >
        <div
          className="item-header"
        >
          <span
            className="component-label"
          >
            Name
          </span>
        </div>
        <div
          className="item-content"
        >
          <input
            className="input-component float-input"
            onBlur={[Function]}
            onChange={[Function]}
            type="text"
            value="New Material"
          />
        </div>
      </article>
      <article
        className="inspector-item"
      >
        <div
          className="item-header"
        >
          <span
            className=""
          >
            Type
          </span>
        </div>
        <div
          className="item-content"
        >
          <select
            onChange={[Function]}
            value="0"
          >
            <option
              value="0"
            >
              basic_material
            </option>
            <option
              value="1"
            >
              light_material
            </option>
          </select>
        </div>
      </article>
      <article
        className="wonder-basic-material"
      >
        <article
          className="inspector-item"
        >
          <div
            className="item-header"
          >
            Color
          </div>
          <div
            className="item-content item-color"
          >
            <div
              className="color-hex"
              onClick={[Function]}
              style={
                Object {
                  "background": "#ffffff",
                }
              }
            />
            <div
              className="color-select"
              onClick={[Function]}
            >
              <img
                src="./public/img/color.png"
              />
            </div>
          </div>
        </article>
      </article>
    </article>
  </article>
</article>
`;

exports[`material inspector test rename material if type is lightMaterial, rename to default light material name should not work 1`] = `
<article
  className="wonder-inspector-component"
>
  <article
    className="wonder-inspector-assetTree"
  >
    <article
      className="wonder-material-inspector"
    >
      <h1>
        Material
      </h1>
      <hr />
      <article
        className="inspector-item"
      >
        <div
          className="item-header"
        >
          <span
            className="component-label"
          >
            Name
          </span>
        </div>
        <div
          className="item-content"
        >
          <input
            className="input-component float-input"
            onBlur={[Function]}
            onChange={[Function]}
            type="text"
            value="New Material"
          />
        </div>
      </article>
      <article
        className="inspector-item"
      >
        <div
          className="item-header"
        >
          <span
            className=""
          >
            Type
          </span>
        </div>
        <div
          className="item-content"
        >
          <select
            onChange={[Function]}
            value="1"
          >
            <option
              value="0"
            >
              basic_material
            </option>
            <option
              value="1"
            >
              light_material
            </option>
          </select>
        </div>
      </article>
      <article
        className="wonder-light-material"
      >
        <article
          className="inspector-item"
        >
          <div
            className="item-header"
          >
            Diffcuse color
          </div>
          <div
            className="item-content item-color"
          >
            <div
              className="color-hex"
              onClick={[Function]}
              style={
                Object {
                  "background": "#ffffff",
                }
              }
            />
            <div
              className="color-select"
              onClick={[Function]}
            >
              <img
                src="./public/img/color.png"
              />
            </div>
          </div>
        </article>
        <article
          className="inspector-item"
        >
          <div
            className="item-header"
          >
            Diffuse map
          </div>
          <div
            className="item-content item-texture"
          >
            <div
              className="texture-img"
              onClick={[Function]}
              style={
                Object {
                  "opacity": "1",
                }
              }
            >
              <div
                className="img-dragBg"
                onDragEnter={[Function]}
                onDragLeave={[Function]}
                onDragOver={[Function]}
                onDrop={[Function]}
              />
            </div>
            <button
              className="texture-remove"
              onClick={[Function]}
            >
              Remove
            </button>
          </div>
        </article>
        <article
          className="inspector-item wonder-float-input"
        >
          <div
            className="item-header component-label"
            onMouseDown={[Function]}
            onMouseMove={[Function]}
            onMouseUp={[Function]}
          >
            Shininess
          </div>
          <div
            className="item-content"
          >
            <input
              className="input-component float-input"
              onBlur={[Function]}
              onChange={[Function]}
              type="text"
              value="32"
            />
          </div>
        </article>
      </article>
    </article>
  </article>
</article>
`;
