// Jest Snapshot v1, https://goo.gl/fbAQLP

exports[`redo_undo: change geometry prepare first step: set currentSceneTreeNode test redo operate test redo one step undo step which from first to zero, redo step which from zero to first 1`] = `
<article
  className="wonder-inspector-geometry"
>
  <div
    className="inspector-item"
  >
    <div
      className="item-header"
    >
      Geometry
    </div>
    <div
      className="item-content"
    >
      <div
        className="inspector-select"
      >
        <div
          className="select-name"
          onClick={[Function]}
        >
          Wonder-Default-Sphere
        </div>
        <div
          className="select-img"
          onClick={[Function]}
        >
          <img
            src="./public/img/select.png"
          />
        </div>
      </div>
    </div>
  </div>
</article>
`;

exports[`redo_undo: change geometry prepare first step: set currentSceneTreeNode test undo operate test not undo 1`] = `
<article
  className="wonder-inspector-geometry"
>
  <div
    className="inspector-item"
  >
    <div
      className="item-header"
    >
      Geometry
    </div>
    <div
      className="item-content"
    >
      <div
        className="inspector-select"
      >
        <div
          className="select-name"
          onClick={[Function]}
        >
          Wonder-Default-Sphere
        </div>
        <div
          className="select-img"
          onClick={[Function]}
        >
          <img
            src="./public/img/select.png"
          />
        </div>
      </div>
    </div>
  </div>
</article>
`;

exports[`redo_undo: change geometry prepare first step: set currentSceneTreeNode test undo operate test undo one step undo step which from first to zero 1`] = `
<article
  className="wonder-inspector-geometry"
>
  <div
    className="inspector-item"
  >
    <div
      className="item-header"
    >
      Geometry
    </div>
    <div
      className="item-content"
    >
      <div
        className="inspector-select"
      >
        <div
          className="select-name"
          onClick={[Function]}
        >
          Wonder-Default-Cube
        </div>
        <div
          className="select-img"
          onClick={[Function]}
        >
          <img
            src="./public/img/select.png"
          />
        </div>
      </div>
    </div>
  </div>
</article>
`;
