// Jest Snapshot v1, https://goo.gl/fbAQLP

exports[`redo_undo: asset remove node prepare first step: set currentSceneTreeNode test redo operate test redo one step undo step which from second to zero, redo step which from zero to first 1`] = `
<article
  className="wonder-asset-component"
>
  <div
    className="asset-tree"
  >
    <article
      className="wonder-asset-header"
    >
      <div
        className="asset-header-item"
        onClick={[Function]}
      >
        <div
          className="item-canBeClick"
        >
          <img
            src="./public/img/add.png"
          />
        </div>
      </div>
      <div
        className="asset-header-item"
        onClick={[Function]}
      >
        <div
          className="item-canBeClick"
        >
          <img
            src="./public/img/remove.png"
          />
        </div>
      </div>
      <div
        className="asset-header-item"
      >
        <div
          className="item-canBeClick"
        >
          <img
            src="./public/img/load.png"
          />
          <input
            className="asset-fileLoad"
            multiple={false}
            onChange={[Function]}
            type="file"
          />
        </div>
      </div>
    </article>
    <article
      className="wonder-asset-assetTree"
    >
      <ul
        className="wonder-tree-node"
      >
        <li>
          <div
            className="item-triangle"
            onMouseDown={[Function]}
          >
            <img
              src="./public/img/down.png"
            />
          </div>
          <img
            className="treeNode-icon"
            src="./public/img/package.png"
          />
          <div
            className="draggable-container select-not-active"
            draggable={true}
            onClick={[Function]}
            onDragEnd={[Function]}
            onDragEnter={[Function]}
            onDragLeave={[Function]}
            onDragOver={[Function]}
            onDragStart={[Function]}
            onDrop={[Function]}
            style={Object {}}
          >
            Assets
          </div>
        </li>
        <ul
          className="wonder-tree-node"
        >
          <li>
            <div
              className="item-triangle"
            />
            <img
              className="treeNode-icon"
              src="./public/img/package.png"
            />
            <div
              className="draggable-container"
              draggable={true}
              onClick={[Function]}
              onDragEnd={[Function]}
              onDragEnter={[Function]}
              onDragLeave={[Function]}
              onDragOver={[Function]}
              onDragStart={[Function]}
              onDrop={[Function]}
              style={Object {}}
            >
              NoName Folder 1
            </div>
          </li>
        </ul>
      </ul>
    </article>
  </div>
  <article
    className="wonder-asset-assetChildren"
  >
    <article
      className="wonder-asset-folderBox"
      id="folder-5"
      style={
        Object {
          "border": "0px",
        }
      }
    >
      <div
        className="item-ground"
        draggable={true}
        onDragEnd={[Function]}
        onDragEnter={[Function]}
        onDragLeave={[Function]}
        onDragOver={[Function]}
        onDragStart={[Function]}
        onDrop={[Function]}
      />
      <div
        className="box-image"
      >
        <img
          src="./public/img/assetPackage.png"
        />
      </div>
      <div
        className="item-text item-active"
      >
        <span>
          NoName Folder 1
        </span>
      </div>
    </article>
  </article>
</article>
`;

exports[`redo_undo: asset remove node prepare first step: set currentSceneTreeNode test redo operate test redo two step undo step which from second to zero,redo step which from zero to second 1`] = `
<article
  className="wonder-asset-component"
>
  <div
    className="asset-tree"
  >
    <article
      className="wonder-asset-header"
    >
      <div
        className="asset-header-item"
        onClick={[Function]}
      >
        <div
          className="item-canBeClick"
        >
          <img
            src="./public/img/add.png"
          />
        </div>
      </div>
      <div
        className="asset-header-item"
        onClick={[Function]}
      >
        <div
          className="item-notBeClick"
        >
          <img
            src="./public/img/notRemove.png"
          />
        </div>
      </div>
      <div
        className="asset-header-item"
      >
        <div
          className="item-canBeClick"
        >
          <img
            src="./public/img/load.png"
          />
          <input
            className="asset-fileLoad"
            multiple={false}
            onChange={[Function]}
            type="file"
          />
        </div>
      </div>
    </article>
    <article
      className="wonder-asset-assetTree"
    >
      <ul
        className="wonder-tree-node"
      >
        <li>
          <div
            className="item-triangle"
          />
          <img
            className="treeNode-icon"
            src="./public/img/package.png"
          />
          <div
            className="draggable-container select-not-active"
            draggable={true}
            onClick={[Function]}
            onDragEnd={[Function]}
            onDragEnter={[Function]}
            onDragLeave={[Function]}
            onDragOver={[Function]}
            onDragStart={[Function]}
            onDrop={[Function]}
            style={Object {}}
          >
            Assets
          </div>
        </li>
      </ul>
    </article>
  </div>
  <article
    className="wonder-asset-assetChildren"
  />
</article>
`;

exports[`redo_undo: asset remove node prepare first step: set currentSceneTreeNode test undo operate test not undo 1`] = `
<article
  className="wonder-asset-component"
>
  <div
    className="asset-tree"
  >
    <article
      className="wonder-asset-header"
    >
      <div
        className="asset-header-item"
        onClick={[Function]}
      >
        <div
          className="item-canBeClick"
        >
          <img
            src="./public/img/add.png"
          />
        </div>
      </div>
      <div
        className="asset-header-item"
        onClick={[Function]}
      >
        <div
          className="item-notBeClick"
        >
          <img
            src="./public/img/notRemove.png"
          />
        </div>
      </div>
      <div
        className="asset-header-item"
      >
        <div
          className="item-canBeClick"
        >
          <img
            src="./public/img/load.png"
          />
          <input
            className="asset-fileLoad"
            multiple={false}
            onChange={[Function]}
            type="file"
          />
        </div>
      </div>
    </article>
    <article
      className="wonder-asset-assetTree"
    >
      <ul
        className="wonder-tree-node"
      >
        <li>
          <div
            className="item-triangle"
          />
          <img
            className="treeNode-icon"
            src="./public/img/package.png"
          />
          <div
            className="draggable-container select-not-active"
            draggable={true}
            onClick={[Function]}
            onDragEnd={[Function]}
            onDragEnter={[Function]}
            onDragLeave={[Function]}
            onDragOver={[Function]}
            onDragStart={[Function]}
            onDrop={[Function]}
            style={Object {}}
          >
            Assets
          </div>
        </li>
      </ul>
    </article>
  </div>
  <article
    className="wonder-asset-assetChildren"
  />
</article>
`;

exports[`redo_undo: asset remove node prepare first step: set currentSceneTreeNode test undo operate test undo one step step which from second to first 1`] = `
<article
  className="wonder-asset-component"
>
  <div
    className="asset-tree"
  >
    <article
      className="wonder-asset-header"
    >
      <div
        className="asset-header-item"
        onClick={[Function]}
      >
        <div
          className="item-canBeClick"
        >
          <img
            src="./public/img/add.png"
          />
        </div>
      </div>
      <div
        className="asset-header-item"
        onClick={[Function]}
      >
        <div
          className="item-canBeClick"
        >
          <img
            src="./public/img/remove.png"
          />
        </div>
      </div>
      <div
        className="asset-header-item"
      >
        <div
          className="item-canBeClick"
        >
          <img
            src="./public/img/load.png"
          />
          <input
            className="asset-fileLoad"
            multiple={false}
            onChange={[Function]}
            type="file"
          />
        </div>
      </div>
    </article>
    <article
      className="wonder-asset-assetTree"
    >
      <ul
        className="wonder-tree-node"
      >
        <li>
          <div
            className="item-triangle"
            onMouseDown={[Function]}
          >
            <img
              src="./public/img/down.png"
            />
          </div>
          <img
            className="treeNode-icon"
            src="./public/img/package.png"
          />
          <div
            className="draggable-container select-not-active"
            draggable={true}
            onClick={[Function]}
            onDragEnd={[Function]}
            onDragEnter={[Function]}
            onDragLeave={[Function]}
            onDragOver={[Function]}
            onDragStart={[Function]}
            onDrop={[Function]}
            style={Object {}}
          >
            Assets
          </div>
        </li>
        <ul
          className="wonder-tree-node"
        >
          <li>
            <div
              className="item-triangle"
            />
            <img
              className="treeNode-icon"
              src="./public/img/package.png"
            />
            <div
              className="draggable-container"
              draggable={true}
              onClick={[Function]}
              onDragEnd={[Function]}
              onDragEnter={[Function]}
              onDragLeave={[Function]}
              onDragOver={[Function]}
              onDragStart={[Function]}
              onDrop={[Function]}
              style={Object {}}
            >
              NoName Folder 1
            </div>
          </li>
        </ul>
      </ul>
    </article>
  </div>
  <article
    className="wonder-asset-assetChildren"
  >
    <article
      className="wonder-asset-folderBox"
      id="folder-5"
      style={
        Object {
          "border": "0px",
        }
      }
    >
      <div
        className="item-ground"
        draggable={true}
        onDragEnd={[Function]}
        onDragEnter={[Function]}
        onDragLeave={[Function]}
        onDragOver={[Function]}
        onDragStart={[Function]}
        onDrop={[Function]}
      />
      <div
        className="box-image"
      >
        <img
          src="./public/img/assetPackage.png"
        />
      </div>
      <div
        className="item-text item-active"
      >
        <span>
          NoName Folder 1
        </span>
      </div>
    </article>
  </article>
</article>
`;

exports[`redo_undo: asset remove node prepare first step: set currentSceneTreeNode test undo operate test undo two step step which from second to zero 1`] = `
<article
  className="wonder-asset-component"
>
  <div
    className="asset-tree"
  >
    <article
      className="wonder-asset-header"
    >
      <div
        className="asset-header-item"
        onClick={[Function]}
      >
        <div
          className="item-canBeClick"
        >
          <img
            src="./public/img/add.png"
          />
        </div>
      </div>
      <div
        className="asset-header-item"
        onClick={[Function]}
      >
        <div
          className="item-canBeClick"
        >
          <img
            src="./public/img/remove.png"
          />
        </div>
      </div>
      <div
        className="asset-header-item"
      >
        <div
          className="item-canBeClick"
        >
          <img
            src="./public/img/load.png"
          />
          <input
            className="asset-fileLoad"
            multiple={false}
            onChange={[Function]}
            type="file"
          />
        </div>
      </div>
    </article>
    <article
      className="wonder-asset-assetTree"
    >
      <ul
        className="wonder-tree-node"
      >
        <li>
          <div
            className="item-triangle"
            onMouseDown={[Function]}
          >
            <img
              src="./public/img/down.png"
            />
          </div>
          <img
            className="treeNode-icon"
            src="./public/img/package.png"
          />
          <div
            className="draggable-container select-not-active"
            draggable={true}
            onClick={[Function]}
            onDragEnd={[Function]}
            onDragEnter={[Function]}
            onDragLeave={[Function]}
            onDragOver={[Function]}
            onDragStart={[Function]}
            onDrop={[Function]}
            style={Object {}}
          >
            Assets
          </div>
        </li>
        <ul
          className="wonder-tree-node"
        >
          <li>
            <div
              className="item-triangle"
            />
            <img
              className="treeNode-icon"
              src="./public/img/package.png"
            />
            <div
              className="draggable-container"
              draggable={true}
              onClick={[Function]}
              onDragEnd={[Function]}
              onDragEnter={[Function]}
              onDragLeave={[Function]}
              onDragOver={[Function]}
              onDragStart={[Function]}
              onDrop={[Function]}
              style={Object {}}
            >
              NoName Folder
            </div>
          </li>
        </ul>
        <ul
          className="wonder-tree-node"
        >
          <li>
            <div
              className="item-triangle"
            />
            <img
              className="treeNode-icon"
              src="./public/img/package.png"
            />
            <div
              className="draggable-container"
              draggable={true}
              onClick={[Function]}
              onDragEnd={[Function]}
              onDragEnter={[Function]}
              onDragLeave={[Function]}
              onDragOver={[Function]}
              onDragStart={[Function]}
              onDrop={[Function]}
              style={Object {}}
            >
              NoName Folder 1
            </div>
          </li>
        </ul>
      </ul>
    </article>
  </div>
  <article
    className="wonder-asset-assetChildren"
  >
    <article
      className="wonder-asset-folderBox"
      id="folder-4"
      style={
        Object {
          "border": "0px",
        }
      }
    >
      <div
        className="item-ground"
        draggable={true}
        onDragEnd={[Function]}
        onDragEnter={[Function]}
        onDragLeave={[Function]}
        onDragOver={[Function]}
        onDragStart={[Function]}
        onDrop={[Function]}
      />
      <div
        className="box-image"
      >
        <img
          src="./public/img/assetPackage.png"
        />
      </div>
      <div
        className="item-text item-active"
      >
        <span>
          NoName Folder
        </span>
      </div>
    </article>
    <article
      className="wonder-asset-folderBox"
      id="folder-5"
      style={
        Object {
          "border": "0px",
        }
      }
    >
      <div
        className="item-ground"
        draggable={true}
        onDragEnd={[Function]}
        onDragEnter={[Function]}
        onDragLeave={[Function]}
        onDragOver={[Function]}
        onDragStart={[Function]}
        onDrop={[Function]}
      />
      <div
        className="box-image"
      >
        <img
          src="./public/img/assetPackage.png"
        />
      </div>
      <div
        className="item-text "
      >
        <span>
          NoName Folder 1
        </span>
      </div>
    </article>
  </article>
</article>
`;
