// Jest Snapshot v1, https://goo.gl/fbAQLP

exports[`redo_undo: asset remove material test redo operate test redo one step undo step which from first to zero, redo step which from zero to first 1`] = `
<article
  className="wonder-asset-assetChildren"
/>
`;

exports[`redo_undo: asset remove material test undo operate test undo one step step which from first to zero 1`] = `
<article
  className="wonder-asset-assetChildren"
>
  <article
    className="wonder-asset-fileBox "
    onClick={[Function]}
  >
    <div
      className="box-image"
    >
      <img
        onDragStart={[Function]}
        src="./public/img/mat.png"
      />
    </div>
    <div
      className="item-text item-active"
    >
      <span>
        New Material
      </span>
    </div>
  </article>
</article>
`;
