// Jest Snapshot v1, https://goo.gl/fbAQLP

exports[`redo_undo:leftHeader clone gameObject prepare first step: set currentSceneTreeNode test redo operate test redo one step undo step which from second to zero, redo step which from zero to first 1`] = `
<article
  className="wonder-sceneTree-component"
  id="wonder-sceneTree-component"
>
  <article
    className="wonder-tree"
  >
    <ul
      className="wonder-tree-node"
    >
      <li>
        <div
          className="item-triangle"
          onMouseDown={[Function]}
        >
          <img
            src="./public/img/down.png"
          />
        </div>
        <div
          className="draggable-container  no-drag"
          draggable={false}
          id="sceneTreeNode-0"
          onClick={[Function]}
          onDragEnd={[Function]}
          onDragLeave={[Function]}
          onDragOver={[Function]}
          onDragStart={[Function]}
          onDrop={[Function]}
          style={Object {}}
        >
          scene
        </div>
      </li>
      <ul
        className="wonder-tree-node"
      >
        <li>
          <div
            className="item-triangle"
          />
          <div
            className="draggable-container  no-drag"
            draggable={true}
            id="sceneTreeNode-6"
            onClick={[Function]}
            onDragEnd={[Function]}
            onDragLeave={[Function]}
            onDragOver={[Function]}
            onDragStart={[Function]}
            onDrop={[Function]}
            style={Object {}}
          >
            Camera
          </div>
        </li>
      </ul>
      <ul
        className="wonder-tree-node"
      >
        <li>
          <div
            className="item-triangle"
          />
          <div
            className="draggable-container  no-drag"
            draggable={true}
            id="sceneTreeNode-3"
            onClick={[Function]}
            onDragEnd={[Function]}
            onDragLeave={[Function]}
            onDragOver={[Function]}
            onDragStart={[Function]}
            onDrop={[Function]}
            style={Object {}}
          >
            Cube
          </div>
        </li>
      </ul>
      <ul
        className="wonder-tree-node"
      >
        <li>
          <div
            className="item-triangle"
          />
          <div
            className="draggable-container  no-drag"
            draggable={true}
            id="sceneTreeNode-4"
            onClick={[Function]}
            onDragEnd={[Function]}
            onDragLeave={[Function]}
            onDragOver={[Function]}
            onDragStart={[Function]}
            onDrop={[Function]}
            style={Object {}}
          >
            Cube
          </div>
        </li>
      </ul>
      <ul
        className="wonder-tree-node"
      >
        <li>
          <div
            className="item-triangle"
          />
          <div
            className="draggable-container  no-drag"
            draggable={true}
            id="sceneTreeNode-5"
            onClick={[Function]}
            onDragEnd={[Function]}
            onDragLeave={[Function]}
            onDragOver={[Function]}
            onDragStart={[Function]}
            onDrop={[Function]}
            style={Object {}}
          >
            Direction Light
          </div>
        </li>
      </ul>
      <ul
        className="wonder-tree-node"
      >
        <li>
          <div
            className="item-triangle"
          />
          <div
            className="draggable-container select-active no-drag"
            draggable={true}
            id="sceneTreeNode-7"
            onClick={[Function]}
            onDragEnd={[Function]}
            onDragLeave={[Function]}
            onDragOver={[Function]}
            onDragStart={[Function]}
            onDrop={[Function]}
            style={Object {}}
          >
            Cube
          </div>
        </li>
      </ul>
    </ul>
  </article>
</article>
`;

exports[`redo_undo:leftHeader clone gameObject prepare first step: set currentSceneTreeNode test redo operate test redo two step undo step which from second to zero,redo step which from zero to second 1`] = `
<article
  className="wonder-sceneTree-component"
  id="wonder-sceneTree-component"
>
  <article
    className="wonder-tree"
  >
    <ul
      className="wonder-tree-node"
    >
      <li>
        <div
          className="item-triangle"
          onMouseDown={[Function]}
        >
          <img
            src="./public/img/down.png"
          />
        </div>
        <div
          className="draggable-container  no-drag"
          draggable={false}
          id="sceneTreeNode-0"
          onClick={[Function]}
          onDragEnd={[Function]}
          onDragLeave={[Function]}
          onDragOver={[Function]}
          onDragStart={[Function]}
          onDrop={[Function]}
          style={Object {}}
        >
          scene
        </div>
      </li>
      <ul
        className="wonder-tree-node"
      >
        <li>
          <div
            className="item-triangle"
          />
          <div
            className="draggable-container  no-drag"
            draggable={true}
            id="sceneTreeNode-6"
            onClick={[Function]}
            onDragEnd={[Function]}
            onDragLeave={[Function]}
            onDragOver={[Function]}
            onDragStart={[Function]}
            onDrop={[Function]}
            style={Object {}}
          >
            Camera
          </div>
        </li>
      </ul>
      <ul
        className="wonder-tree-node"
      >
        <li>
          <div
            className="item-triangle"
          />
          <div
            className="draggable-container  no-drag"
            draggable={true}
            id="sceneTreeNode-3"
            onClick={[Function]}
            onDragEnd={[Function]}
            onDragLeave={[Function]}
            onDragOver={[Function]}
            onDragStart={[Function]}
            onDrop={[Function]}
            style={Object {}}
          >
            Cube
          </div>
        </li>
      </ul>
      <ul
        className="wonder-tree-node"
      >
        <li>
          <div
            className="item-triangle"
          />
          <div
            className="draggable-container  no-drag"
            draggable={true}
            id="sceneTreeNode-4"
            onClick={[Function]}
            onDragEnd={[Function]}
            onDragLeave={[Function]}
            onDragOver={[Function]}
            onDragStart={[Function]}
            onDrop={[Function]}
            style={Object {}}
          >
            Cube
          </div>
        </li>
      </ul>
      <ul
        className="wonder-tree-node"
      >
        <li>
          <div
            className="item-triangle"
          />
          <div
            className="draggable-container  no-drag"
            draggable={true}
            id="sceneTreeNode-5"
            onClick={[Function]}
            onDragEnd={[Function]}
            onDragLeave={[Function]}
            onDragOver={[Function]}
            onDragStart={[Function]}
            onDrop={[Function]}
            style={Object {}}
          >
            Direction Light
          </div>
        </li>
      </ul>
      <ul
        className="wonder-tree-node"
      >
        <li>
          <div
            className="item-triangle"
          />
          <div
            className="draggable-container  no-drag"
            draggable={true}
            id="sceneTreeNode-7"
            onClick={[Function]}
            onDragEnd={[Function]}
            onDragLeave={[Function]}
            onDragOver={[Function]}
            onDragStart={[Function]}
            onDrop={[Function]}
            style={Object {}}
          >
            Cube
          </div>
        </li>
      </ul>
      <ul
        className="wonder-tree-node"
      >
        <li>
          <div
            className="item-triangle"
          />
          <div
            className="draggable-container select-active no-drag"
            draggable={true}
            id="sceneTreeNode-8"
            onClick={[Function]}
            onDragEnd={[Function]}
            onDragLeave={[Function]}
            onDragOver={[Function]}
            onDragStart={[Function]}
            onDrop={[Function]}
            style={Object {}}
          >
            Cube
          </div>
        </li>
      </ul>
    </ul>
  </article>
</article>
`;

exports[`redo_undo:leftHeader clone gameObject prepare first step: set currentSceneTreeNode test undo operate test not undo 1`] = `
<article
  className="wonder-sceneTree-component"
  id="wonder-sceneTree-component"
>
  <article
    className="wonder-tree"
  >
    <ul
      className="wonder-tree-node"
    >
      <li>
        <div
          className="item-triangle"
          onMouseDown={[Function]}
        >
          <img
            src="./public/img/down.png"
          />
        </div>
        <div
          className="draggable-container  no-drag"
          draggable={false}
          id="sceneTreeNode-0"
          onClick={[Function]}
          onDragEnd={[Function]}
          onDragLeave={[Function]}
          onDragOver={[Function]}
          onDragStart={[Function]}
          onDrop={[Function]}
          style={Object {}}
        >
          scene
        </div>
      </li>
      <ul
        className="wonder-tree-node"
      >
        <li>
          <div
            className="item-triangle"
          />
          <div
            className="draggable-container  no-drag"
            draggable={true}
            id="sceneTreeNode-6"
            onClick={[Function]}
            onDragEnd={[Function]}
            onDragLeave={[Function]}
            onDragOver={[Function]}
            onDragStart={[Function]}
            onDrop={[Function]}
            style={Object {}}
          >
            Camera
          </div>
        </li>
      </ul>
      <ul
        className="wonder-tree-node"
      >
        <li>
          <div
            className="item-triangle"
          />
          <div
            className="draggable-container  no-drag"
            draggable={true}
            id="sceneTreeNode-3"
            onClick={[Function]}
            onDragEnd={[Function]}
            onDragLeave={[Function]}
            onDragOver={[Function]}
            onDragStart={[Function]}
            onDrop={[Function]}
            style={Object {}}
          >
            Cube
          </div>
        </li>
      </ul>
      <ul
        className="wonder-tree-node"
      >
        <li>
          <div
            className="item-triangle"
          />
          <div
            className="draggable-container  no-drag"
            draggable={true}
            id="sceneTreeNode-4"
            onClick={[Function]}
            onDragEnd={[Function]}
            onDragLeave={[Function]}
            onDragOver={[Function]}
            onDragStart={[Function]}
            onDrop={[Function]}
            style={Object {}}
          >
            Cube
          </div>
        </li>
      </ul>
      <ul
        className="wonder-tree-node"
      >
        <li>
          <div
            className="item-triangle"
          />
          <div
            className="draggable-container  no-drag"
            draggable={true}
            id="sceneTreeNode-5"
            onClick={[Function]}
            onDragEnd={[Function]}
            onDragLeave={[Function]}
            onDragOver={[Function]}
            onDragStart={[Function]}
            onDrop={[Function]}
            style={Object {}}
          >
            Direction Light
          </div>
        </li>
      </ul>
      <ul
        className="wonder-tree-node"
      >
        <li>
          <div
            className="item-triangle"
          />
          <div
            className="draggable-container  no-drag"
            draggable={true}
            id="sceneTreeNode-7"
            onClick={[Function]}
            onDragEnd={[Function]}
            onDragLeave={[Function]}
            onDragOver={[Function]}
            onDragStart={[Function]}
            onDrop={[Function]}
            style={Object {}}
          >
            Cube
          </div>
        </li>
      </ul>
      <ul
        className="wonder-tree-node"
      >
        <li>
          <div
            className="item-triangle"
          />
          <div
            className="draggable-container select-active no-drag"
            draggable={true}
            id="sceneTreeNode-8"
            onClick={[Function]}
            onDragEnd={[Function]}
            onDragLeave={[Function]}
            onDragOver={[Function]}
            onDragStart={[Function]}
            onDrop={[Function]}
            style={Object {}}
          >
            Cube
          </div>
        </li>
      </ul>
    </ul>
  </article>
</article>
`;

exports[`redo_undo:leftHeader clone gameObject prepare first step: set currentSceneTreeNode test undo operate test undo one step step which from second to first 1`] = `
<article
  className="wonder-sceneTree-component"
  id="wonder-sceneTree-component"
>
  <article
    className="wonder-tree"
  >
    <ul
      className="wonder-tree-node"
    >
      <li>
        <div
          className="item-triangle"
          onMouseDown={[Function]}
        >
          <img
            src="./public/img/down.png"
          />
        </div>
        <div
          className="draggable-container  no-drag"
          draggable={false}
          id="sceneTreeNode-0"
          onClick={[Function]}
          onDragEnd={[Function]}
          onDragLeave={[Function]}
          onDragOver={[Function]}
          onDragStart={[Function]}
          onDrop={[Function]}
          style={Object {}}
        >
          scene
        </div>
      </li>
      <ul
        className="wonder-tree-node"
      >
        <li>
          <div
            className="item-triangle"
          />
          <div
            className="draggable-container  no-drag"
            draggable={true}
            id="sceneTreeNode-6"
            onClick={[Function]}
            onDragEnd={[Function]}
            onDragLeave={[Function]}
            onDragOver={[Function]}
            onDragStart={[Function]}
            onDrop={[Function]}
            style={Object {}}
          >
            Camera
          </div>
        </li>
      </ul>
      <ul
        className="wonder-tree-node"
      >
        <li>
          <div
            className="item-triangle"
          />
          <div
            className="draggable-container  no-drag"
            draggable={true}
            id="sceneTreeNode-3"
            onClick={[Function]}
            onDragEnd={[Function]}
            onDragLeave={[Function]}
            onDragOver={[Function]}
            onDragStart={[Function]}
            onDrop={[Function]}
            style={Object {}}
          >
            Cube
          </div>
        </li>
      </ul>
      <ul
        className="wonder-tree-node"
      >
        <li>
          <div
            className="item-triangle"
          />
          <div
            className="draggable-container  no-drag"
            draggable={true}
            id="sceneTreeNode-4"
            onClick={[Function]}
            onDragEnd={[Function]}
            onDragLeave={[Function]}
            onDragOver={[Function]}
            onDragStart={[Function]}
            onDrop={[Function]}
            style={Object {}}
          >
            Cube
          </div>
        </li>
      </ul>
      <ul
        className="wonder-tree-node"
      >
        <li>
          <div
            className="item-triangle"
          />
          <div
            className="draggable-container  no-drag"
            draggable={true}
            id="sceneTreeNode-5"
            onClick={[Function]}
            onDragEnd={[Function]}
            onDragLeave={[Function]}
            onDragOver={[Function]}
            onDragStart={[Function]}
            onDrop={[Function]}
            style={Object {}}
          >
            Direction Light
          </div>
        </li>
      </ul>
      <ul
        className="wonder-tree-node"
      >
        <li>
          <div
            className="item-triangle"
          />
          <div
            className="draggable-container select-active no-drag"
            draggable={true}
            id="sceneTreeNode-7"
            onClick={[Function]}
            onDragEnd={[Function]}
            onDragLeave={[Function]}
            onDragOver={[Function]}
            onDragStart={[Function]}
            onDrop={[Function]}
            style={Object {}}
          >
            Cube
          </div>
        </li>
      </ul>
    </ul>
  </article>
</article>
`;

exports[`redo_undo:leftHeader clone gameObject prepare first step: set currentSceneTreeNode test undo operate test undo two step step which from second to zero 1`] = `
<article
  className="wonder-sceneTree-component"
  id="wonder-sceneTree-component"
>
  <article
    className="wonder-tree"
  >
    <ul
      className="wonder-tree-node"
    >
      <li>
        <div
          className="item-triangle"
          onMouseDown={[Function]}
        >
          <img
            src="./public/img/down.png"
          />
        </div>
        <div
          className="draggable-container  no-drag"
          draggable={false}
          id="sceneTreeNode-0"
          onClick={[Function]}
          onDragEnd={[Function]}
          onDragLeave={[Function]}
          onDragOver={[Function]}
          onDragStart={[Function]}
          onDrop={[Function]}
          style={Object {}}
        >
          scene
        </div>
      </li>
      <ul
        className="wonder-tree-node"
      >
        <li>
          <div
            className="item-triangle"
          />
          <div
            className="draggable-container  no-drag"
            draggable={true}
            id="sceneTreeNode-6"
            onClick={[Function]}
            onDragEnd={[Function]}
            onDragLeave={[Function]}
            onDragOver={[Function]}
            onDragStart={[Function]}
            onDrop={[Function]}
            style={Object {}}
          >
            Camera
          </div>
        </li>
      </ul>
      <ul
        className="wonder-tree-node"
      >
        <li>
          <div
            className="item-triangle"
          />
          <div
            className="draggable-container select-active no-drag"
            draggable={true}
            id="sceneTreeNode-3"
            onClick={[Function]}
            onDragEnd={[Function]}
            onDragLeave={[Function]}
            onDragOver={[Function]}
            onDragStart={[Function]}
            onDrop={[Function]}
            style={Object {}}
          >
            Cube
          </div>
        </li>
      </ul>
      <ul
        className="wonder-tree-node"
      >
        <li>
          <div
            className="item-triangle"
          />
          <div
            className="draggable-container  no-drag"
            draggable={true}
            id="sceneTreeNode-4"
            onClick={[Function]}
            onDragEnd={[Function]}
            onDragLeave={[Function]}
            onDragOver={[Function]}
            onDragStart={[Function]}
            onDrop={[Function]}
            style={Object {}}
          >
            Cube
          </div>
        </li>
      </ul>
      <ul
        className="wonder-tree-node"
      >
        <li>
          <div
            className="item-triangle"
          />
          <div
            className="draggable-container  no-drag"
            draggable={true}
            id="sceneTreeNode-5"
            onClick={[Function]}
            onDragEnd={[Function]}
            onDragLeave={[Function]}
            onDragOver={[Function]}
            onDragStart={[Function]}
            onDrop={[Function]}
            style={Object {}}
          >
            Direction Light
          </div>
        </li>
      </ul>
    </ul>
  </article>
</article>
`;
