// Jest Snapshot v1, https://goo.gl/fbAQLP

exports[`MainEditorAssetChildrenNode test show order 
        order should be:
        1)for different type_:folder,wdb,material,texture;
        2)for the same type_:sort by firstname alphabetically
         1`] = `
<article
  className="wonder-asset-assetChildren"
>
  <article
    className="wonder-asset-folderBox"
    id="folder-5"
    style={
      Object {
        "border": "0px",
      }
    }
  >
    <div
      className="item-ground"
      draggable={true}
      onDragEnd={[Function]}
      onDragEnter={[Function]}
      onDragLeave={[Function]}
      onDragOver={[Function]}
      onDragStart={[Function]}
      onDrop={[Function]}
    />
    <div
      className="box-image"
    >
      <img
        src="./public/img/assetPackage.png"
      />
    </div>
    <div
      className="item-text "
    >
      <span>
        AFolder
      </span>
    </div>
  </article>
  <article
    className="wonder-asset-folderBox"
    id="folder-3"
    style={
      Object {
        "border": "0px",
      }
    }
  >
    <div
      className="item-ground"
      draggable={true}
      onDragEnd={[Function]}
      onDragEnter={[Function]}
      onDragLeave={[Function]}
      onDragOver={[Function]}
      onDragStart={[Function]}
      onDrop={[Function]}
    />
    <div
      className="box-image"
    >
      <img
        src="./public/img/assetPackage.png"
      />
    </div>
    <div
      className="item-text "
    >
      <span>
        FFolder
      </span>
    </div>
  </article>
  <article
    className="wonder-asset-folderBox"
    id="folder-8"
    style={
      Object {
        "border": "0px",
      }
    }
  >
    <div
      className="item-ground"
      draggable={true}
      onDragEnd={[Function]}
      onDragEnter={[Function]}
      onDragLeave={[Function]}
      onDragOver={[Function]}
      onDragStart={[Function]}
      onDrop={[Function]}
    />
    <div
      className="box-image"
    >
      <img
        src="./public/img/assetPackage.png"
      />
    </div>
    <div
      className="item-text "
    >
      <span>
        Materials
      </span>
    </div>
  </article>
  <article
    className="wonder-asset-folderBox"
    id="folder-10"
    style={
      Object {
        "border": "0px",
      }
    }
  >
    <div
      className="item-ground"
      draggable={true}
      onDragEnd={[Function]}
      onDragEnter={[Function]}
      onDragLeave={[Function]}
      onDragOver={[Function]}
      onDragStart={[Function]}
      onDrop={[Function]}
    />
    <div
      className="box-image"
    >
      <img
        src="./public/img/assetPackage.png"
      />
    </div>
    <div
      className="item-text "
    >
      <span>
        Textures
      </span>
    </div>
  </article>
  <article
    className="wonder-asset-fileBox "
    onClick={[Function]}
  >
    <div
      className="box-image"
    >
      <img
        onDragStart={[Function]}
        src="./public/img/wdb.png"
      />
    </div>
    <div
      className="item-text "
    >
      <span>
        A_WDB
      </span>
    </div>
  </article>
  <article
    className="wonder-asset-fileBox "
    onClick={[Function]}
  >
    <div
      className="box-image"
    >
      <img
        onDragStart={[Function]}
        src="./public/img/wdb.png"
      />
    </div>
    <div
      className="item-text "
    >
      <span>
        C_WDB
      </span>
    </div>
  </article>
  <article
    className="wonder-asset-fileBox "
    onClick={[Function]}
  >
    <div
      className="box-image"
    >
      <img
        onDragStart={[Function]}
        src="./public/img/mat.png"
      />
    </div>
    <div
      className="item-text "
    >
      <span>
        AMaterial
      </span>
    </div>
  </article>
  <article
    className="wonder-asset-fileBox "
    onClick={[Function]}
  >
    <div
      className="box-image"
    >
      <img
        onDragStart={[Function]}
        src="./public/img/mat.png"
      />
    </div>
    <div
      className="item-text "
    >
      <span>
        CMaterial
      </span>
    </div>
  </article>
  <article
    className="wonder-asset-fileBox "
    onClick={[Function]}
  >
    <div
      className="box-image"
    >
      <img
        onDragStart={[Function]}
        src="newImgBase64"
      />
    </div>
    <div
      className="item-text "
    >
      <span>
        AImage
      </span>
    </div>
  </article>
  <article
    className="wonder-asset-fileBox "
    onClick={[Function]}
  >
    <div
      className="box-image"
    >
      <img
        onDragStart={[Function]}
        src="newImgBase64"
      />
    </div>
    <div
      className="item-text "
    >
      <span>
        BImage
      </span>
    </div>
  </article>
</article>
`;
