// Jest Snapshot v1, https://goo.gl/fbAQLP

exports[`SceneTreeInspector prepare currentSelectSource is SceneTree test rename gameObject test rename scene ui->scene tree->scene node->name should be updated 1`] = `
<article
  className="wonder-sceneTree-component"
  id="wonder-sceneTree-component"
>
  <article
    className="wonder-tree"
  >
    <ul
      className="wonder-tree-node"
    >
      <li>
        <div
          className="item-triangle"
          onMouseDown={[Function]}
        >
          <img
            src="./public/img/down.png"
          />
        </div>
        <div
          className="draggable-container  no-drag"
          draggable={false}
          id="sceneTreeNode-0"
          onClick={[Function]}
          onDragEnd={[Function]}
          onDragLeave={[Function]}
          onDragOver={[Function]}
          onDragStart={[Function]}
          onDrop={[Function]}
          style={Object {}}
        >
          gameObjectNewName
        </div>
      </li>
      <ul
        className="wonder-tree-node"
      >
        <li>
          <div
            className="item-triangle"
          />
          <div
            className="draggable-container  no-drag"
            draggable={true}
            id="sceneTreeNode-6"
            onClick={[Function]}
            onDragEnd={[Function]}
            onDragLeave={[Function]}
            onDragOver={[Function]}
            onDragStart={[Function]}
            onDrop={[Function]}
            style={Object {}}
          >
            Camera
          </div>
        </li>
      </ul>
      <ul
        className="wonder-tree-node"
      >
        <li>
          <div
            className="item-triangle"
          />
          <div
            className="draggable-container select-active no-drag"
            draggable={true}
            id="sceneTreeNode-3"
            onClick={[Function]}
            onDragEnd={[Function]}
            onDragLeave={[Function]}
            onDragOver={[Function]}
            onDragStart={[Function]}
            onDrop={[Function]}
            style={Object {}}
          >
            Cube
          </div>
        </li>
      </ul>
      <ul
        className="wonder-tree-node"
      >
        <li>
          <div
            className="item-triangle"
          />
          <div
            className="draggable-container  no-drag"
            draggable={true}
            id="sceneTreeNode-4"
            onClick={[Function]}
            onDragEnd={[Function]}
            onDragLeave={[Function]}
            onDragOver={[Function]}
            onDragStart={[Function]}
            onDrop={[Function]}
            style={Object {}}
          >
            Cube
          </div>
        </li>
      </ul>
      <ul
        className="wonder-tree-node"
      >
        <li>
          <div
            className="item-triangle"
          />
          <div
            className="draggable-container  no-drag"
            draggable={true}
            id="sceneTreeNode-5"
            onClick={[Function]}
            onDragEnd={[Function]}
            onDragLeave={[Function]}
            onDragOver={[Function]}
            onDragStart={[Function]}
            onDrop={[Function]}
            style={Object {}}
          >
            Direction Light
          </div>
        </li>
      </ul>
    </ul>
  </article>
</article>
`;

exports[`SceneTreeInspector prepare currentSelectSource is SceneTree test show Scene inspector should show component ui 1`] = `
<article
  className="wonder-inspector-component"
>
  <article
    className="wonder-inspector-sceneTree"
  >
    <div
      className="sceneTree-name"
    >
      <article
        className="inspector-item"
      >
        <div
          className="item-header"
        >
          <span
            className="component-label"
          >
            Name
          </span>
        </div>
        <div
          className="item-content"
        >
          <input
            className="input-component float-input"
            onBlur={[Function]}
            onChange={[Function]}
            type="text"
            value="scene"
          />
        </div>
      </article>
    </div>
    <article
      className="componentBox-component"
    >
      <div
        className="header"
      >
        <div
          className="header-triangle"
          onClick={[Function]}
        >
          <span
            className="triangle-bottom"
          />
        </div>
        <div
          className="header-title"
        >
          Transform
        </div>
      </div>
      <article
        className="wonder-inspector-transform"
      >
        <article
          className="inspector-item wonder-three-float-input"
        >
          <div
            className="item-header"
          >
            Position
          </div>
          <div
            className="item-content"
          >
            <article
              className="inspector-item wonder-float-input"
            >
              <div
                className="item-header component-label"
                onMouseDown={[Function]}
                onMouseMove={[Function]}
                onMouseUp={[Function]}
              >
                X
              </div>
              <div
                className="item-content"
              >
                <input
                  className="input-component float-input"
                  onBlur={[Function]}
                  onChange={[Function]}
                  type="text"
                  value="0"
                />
              </div>
            </article>
            <article
              className="inspector-item wonder-float-input"
            >
              <div
                className="item-header component-label"
                onMouseDown={[Function]}
                onMouseMove={[Function]}
                onMouseUp={[Function]}
              >
                Y
              </div>
              <div
                className="item-content"
              >
                <input
                  className="input-component float-input"
                  onBlur={[Function]}
                  onChange={[Function]}
                  type="text"
                  value="0"
                />
              </div>
            </article>
            <article
              className="inspector-item wonder-float-input"
            >
              <div
                className="item-header component-label"
                onMouseDown={[Function]}
                onMouseMove={[Function]}
                onMouseUp={[Function]}
              >
                Z
              </div>
              <div
                className="item-content"
              >
                <input
                  className="input-component float-input"
                  onBlur={[Function]}
                  onChange={[Function]}
                  type="text"
                  value="0"
                />
              </div>
            </article>
          </div>
        </article>
        <article
          className="inspector-item wonder-three-float-input"
        >
          <div
            className="item-header"
          >
            Rotation
          </div>
          <div
            className="item-content"
          >
            <article
              className="inspector-item wonder-float-input"
            >
              <div
                className="item-header component-label"
                onMouseDown={[Function]}
                onMouseMove={[Function]}
                onMouseUp={[Function]}
              >
                X
              </div>
              <div
                className="item-content"
              >
                <input
                  className="input-component float-input"
                  onBlur={[Function]}
                  onChange={[Function]}
                  type="text"
                  value="0"
                />
              </div>
            </article>
            <article
              className="inspector-item wonder-float-input"
            >
              <div
                className="item-header component-label"
                onMouseDown={[Function]}
                onMouseMove={[Function]}
                onMouseUp={[Function]}
              >
                Y
              </div>
              <div
                className="item-content"
              >
                <input
                  className="input-component float-input"
                  onBlur={[Function]}
                  onChange={[Function]}
                  type="text"
                  value="0"
                />
              </div>
            </article>
            <article
              className="inspector-item wonder-float-input"
            >
              <div
                className="item-header component-label"
                onMouseDown={[Function]}
                onMouseMove={[Function]}
                onMouseUp={[Function]}
              >
                Z
              </div>
              <div
                className="item-content"
              >
                <input
                  className="input-component float-input"
                  onBlur={[Function]}
                  onChange={[Function]}
                  type="text"
                  value="0"
                />
              </div>
            </article>
          </div>
        </article>
        <article
          className="inspector-item wonder-three-float-input"
        >
          <div
            className="item-header"
          >
            Scale
          </div>
          <div
            className="item-content"
          >
            <article
              className="inspector-item wonder-float-input"
            >
              <div
                className="item-header component-label"
                onMouseDown={[Function]}
                onMouseMove={[Function]}
                onMouseUp={[Function]}
              >
                X
              </div>
              <div
                className="item-content"
              >
                <input
                  className="input-component float-input"
                  onBlur={[Function]}
                  onChange={[Function]}
                  type="text"
                  value="1"
                />
              </div>
            </article>
            <article
              className="inspector-item wonder-float-input"
            >
              <div
                className="item-header component-label"
                onMouseDown={[Function]}
                onMouseMove={[Function]}
                onMouseUp={[Function]}
              >
                Y
              </div>
              <div
                className="item-content"
              >
                <input
                  className="input-component float-input"
                  onBlur={[Function]}
                  onChange={[Function]}
                  type="text"
                  value="1"
                />
              </div>
            </article>
            <article
              className="inspector-item wonder-float-input"
            >
              <div
                className="item-header component-label"
                onMouseDown={[Function]}
                onMouseMove={[Function]}
                onMouseUp={[Function]}
              >
                Z
              </div>
              <div
                className="item-content"
              >
                <input
                  className="input-component float-input"
                  onBlur={[Function]}
                  onChange={[Function]}
                  type="text"
                  value="1"
                />
              </div>
            </article>
          </div>
        </article>
      </article>
    </article>
    <article
      className="wonder-addable-component"
    >
      <div
        className="addable-component-content"
      >
        <div
          className="content-btn"
        >
          <button
            className="addable-btn"
            onClick={[Function]}
          >
            Add Component
          </button>
        </div>
      </div>
    </article>
  </article>
</article>
`;
