// Jest Snapshot v1, https://goo.gl/fbAQLP

exports[`mainEditor meshRenderer test meshRenderer change drawMode test set drawMode to Lines test snapshot 1`] = `
<article
  className="wonder-mesh-renderer"
>
  <article
    className="inspector-item"
  >
    <div
      className="item-header"
    >
      <span
        className=""
      >
        Draw mode
      </span>
    </div>
    <div
      className="item-content"
    >
      <select
        onChange={[Function]}
        value="1"
      >
        <option
          value="0"
        >
          points
        </option>
        <option
          value="1"
        >
          lines
        </option>
        <option
          value="2"
        >
          line_loop
        </option>
        <option
          value="3"
        >
          Line_strip
        </option>
        <option
          value="4"
        >
          Triangles
        </option>
        <option
          value="5"
        >
          triangle_strip
        </option>
        <option
          value="6"
        >
          Triangle_fan
        </option>
      </select>
    </div>
  </article>
</article>
`;

exports[`mainEditor meshRenderer test meshRenderer change drawMode test set drawMode to Points test snapshot 1`] = `
<article
  className="wonder-mesh-renderer"
>
  <article
    className="inspector-item"
  >
    <div
      className="item-header"
    >
      <span
        className=""
      >
        Draw mode
      </span>
    </div>
    <div
      className="item-content"
    >
      <select
        onChange={[Function]}
        value="0"
      >
        <option
          value="0"
        >
          points
        </option>
        <option
          value="1"
        >
          lines
        </option>
        <option
          value="2"
        >
          line_loop
        </option>
        <option
          value="3"
        >
          Line_strip
        </option>
        <option
          value="4"
        >
          Triangles
        </option>
        <option
          value="5"
        >
          triangle_strip
        </option>
        <option
          value="6"
        >
          Triangle_fan
        </option>
      </select>
    </div>
  </article>
</article>
`;

exports[`mainEditor meshRenderer test meshRenderer change drawMode test set drawMode to Triangle_fan test snapshot 1`] = `
<article
  className="wonder-mesh-renderer"
>
  <article
    className="inspector-item"
  >
    <div
      className="item-header"
    >
      <span
        className=""
      >
        Draw mode
      </span>
    </div>
    <div
      className="item-content"
    >
      <select
        onChange={[Function]}
        value="6"
      >
        <option
          value="0"
        >
          points
        </option>
        <option
          value="1"
        >
          lines
        </option>
        <option
          value="2"
        >
          line_loop
        </option>
        <option
          value="3"
        >
          Line_strip
        </option>
        <option
          value="4"
        >
          Triangles
        </option>
        <option
          value="5"
        >
          triangle_strip
        </option>
        <option
          value="6"
        >
          Triangle_fan
        </option>
      </select>
    </div>
  </article>
</article>
`;
