// Jest Snapshot v1, https://goo.gl/fbAQLP

exports[`redo_undo: perspectiveCamera near prepare first step: set currentSceneTreeNode test redo operate test redo one step undo step which from second to zero, redo step which from zero to first 1`] = `
<article
  className="wonder-camera-projection"
>
  <article
    className="inspector-item"
  >
    <div
      className="item-header"
    >
      <span
        className=""
      >
        Type
      </span>
    </div>
    <div
      className="item-content"
    >
      <select
        onChange={[Function]}
        value="0"
      >
        <option
          value="0"
        >
          perspective
        </option>
      </select>
    </div>
  </article>
  <article
    className="inspector-item wonder-float-input"
  >
    <div
      className="item-header component-label"
      onMouseDown={[Function]}
      onMouseMove={[Function]}
      onMouseUp={[Function]}
    >
      Near
    </div>
    <div
      className="item-content"
    >
      <input
        className="input-component float-input"
        onBlur={[Function]}
        onChange={[Function]}
        type="text"
        value="123.12"
      />
    </div>
  </article>
  <article
    className="inspector-item wonder-float-input"
  >
    <div
      className="item-header component-label"
      onMouseDown={[Function]}
      onMouseMove={[Function]}
      onMouseUp={[Function]}
    >
      Far
    </div>
    <div
      className="item-content"
    >
      <input
        className="input-component float-input"
        onBlur={[Function]}
        onChange={[Function]}
        type="text"
        value="50000"
      />
    </div>
  </article>
  <article
    className="inspector-item wonder-float-input"
  >
    <div
      className="item-header component-label"
      onMouseDown={[Function]}
      onMouseMove={[Function]}
      onMouseUp={[Function]}
    >
      Fovy
    </div>
    <div
      className="item-content"
    >
      <input
        className="input-component float-input"
        onBlur={[Function]}
        onChange={[Function]}
        type="text"
        value="60"
      />
    </div>
  </article>
</article>
`;

exports[`redo_undo: perspectiveCamera near prepare first step: set currentSceneTreeNode test redo operate test redo two step undo step which from second to zero,redo step which from zero to second 1`] = `
<article
  className="wonder-camera-projection"
>
  <article
    className="inspector-item"
  >
    <div
      className="item-header"
    >
      <span
        className=""
      >
        Type
      </span>
    </div>
    <div
      className="item-content"
    >
      <select
        onChange={[Function]}
        value="0"
      >
        <option
          value="0"
        >
          perspective
        </option>
      </select>
    </div>
  </article>
  <article
    className="inspector-item wonder-float-input"
  >
    <div
      className="item-header component-label"
      onMouseDown={[Function]}
      onMouseMove={[Function]}
      onMouseUp={[Function]}
    >
      Near
    </div>
    <div
      className="item-content"
    >
      <input
        className="input-component float-input"
        onBlur={[Function]}
        onChange={[Function]}
        type="text"
        value="123.12"
      />
    </div>
  </article>
  <article
    className="inspector-item wonder-float-input"
  >
    <div
      className="item-header component-label"
      onMouseDown={[Function]}
      onMouseMove={[Function]}
      onMouseUp={[Function]}
    >
      Far
    </div>
    <div
      className="item-content"
    >
      <input
        className="input-component float-input"
        onBlur={[Function]}
        onChange={[Function]}
        type="text"
        value="50000"
      />
    </div>
  </article>
  <article
    className="inspector-item wonder-float-input"
  >
    <div
      className="item-header component-label"
      onMouseDown={[Function]}
      onMouseMove={[Function]}
      onMouseUp={[Function]}
    >
      Fovy
    </div>
    <div
      className="item-content"
    >
      <input
        className="input-component float-input"
        onBlur={[Function]}
        onChange={[Function]}
        type="text"
        value="60"
      />
    </div>
  </article>
</article>
`;

exports[`redo_undo: perspectiveCamera near prepare first step: set currentSceneTreeNode test undo operate test not undo 1`] = `
<article
  className="wonder-camera-projection"
>
  <article
    className="inspector-item"
  >
    <div
      className="item-header"
    >
      <span
        className=""
      >
        Type
      </span>
    </div>
    <div
      className="item-content"
    >
      <select
        onChange={[Function]}
        value="0"
      >
        <option
          value="0"
        >
          perspective
        </option>
      </select>
    </div>
  </article>
  <article
    className="inspector-item wonder-float-input"
  >
    <div
      className="item-header component-label"
      onMouseDown={[Function]}
      onMouseMove={[Function]}
      onMouseUp={[Function]}
    >
      Near
    </div>
    <div
      className="item-content"
    >
      <input
        className="input-component float-input"
        onBlur={[Function]}
        onChange={[Function]}
        type="text"
        value="123.12"
      />
    </div>
  </article>
  <article
    className="inspector-item wonder-float-input"
  >
    <div
      className="item-header component-label"
      onMouseDown={[Function]}
      onMouseMove={[Function]}
      onMouseUp={[Function]}
    >
      Far
    </div>
    <div
      className="item-content"
    >
      <input
        className="input-component float-input"
        onBlur={[Function]}
        onChange={[Function]}
        type="text"
        value="50000"
      />
    </div>
  </article>
  <article
    className="inspector-item wonder-float-input"
  >
    <div
      className="item-header component-label"
      onMouseDown={[Function]}
      onMouseMove={[Function]}
      onMouseUp={[Function]}
    >
      Fovy
    </div>
    <div
      className="item-content"
    >
      <input
        className="input-component float-input"
        onBlur={[Function]}
        onChange={[Function]}
        type="text"
        value="60"
      />
    </div>
  </article>
</article>
`;

exports[`redo_undo: perspectiveCamera near prepare first step: set currentSceneTreeNode test undo operate test undo one step step which from second to first 1`] = `
<article
  className="wonder-camera-projection"
>
  <article
    className="inspector-item"
  >
    <div
      className="item-header"
    >
      <span
        className=""
      >
        Type
      </span>
    </div>
    <div
      className="item-content"
    >
      <select
        onChange={[Function]}
        value="0"
      >
        <option
          value="0"
        >
          perspective
        </option>
      </select>
    </div>
  </article>
  <article
    className="inspector-item wonder-float-input"
  >
    <div
      className="item-header component-label"
      onMouseDown={[Function]}
      onMouseMove={[Function]}
      onMouseUp={[Function]}
    >
      Near
    </div>
    <div
      className="item-content"
    >
      <input
        className="input-component float-input"
        onBlur={[Function]}
        onChange={[Function]}
        type="text"
        value="123.12"
      />
    </div>
  </article>
  <article
    className="inspector-item wonder-float-input"
  >
    <div
      className="item-header component-label"
      onMouseDown={[Function]}
      onMouseMove={[Function]}
      onMouseUp={[Function]}
    >
      Far
    </div>
    <div
      className="item-content"
    >
      <input
        className="input-component float-input"
        onBlur={[Function]}
        onChange={[Function]}
        type="text"
        value="50000"
      />
    </div>
  </article>
  <article
    className="inspector-item wonder-float-input"
  >
    <div
      className="item-header component-label"
      onMouseDown={[Function]}
      onMouseMove={[Function]}
      onMouseUp={[Function]}
    >
      Fovy
    </div>
    <div
      className="item-content"
    >
      <input
        className="input-component float-input"
        onBlur={[Function]}
        onChange={[Function]}
        type="text"
        value="60"
      />
    </div>
  </article>
</article>
`;

exports[`redo_undo: perspectiveCamera near prepare first step: set currentSceneTreeNode test undo operate test undo two step step which from second to zero 1`] = `
<article
  className="wonder-camera-projection"
>
  <article
    className="inspector-item"
  >
    <div
      className="item-header"
    >
      <span
        className=""
      >
        Type
      </span>
    </div>
    <div
      className="item-content"
    >
      <select
        onChange={[Function]}
        value="0"
      >
        <option
          value="0"
        >
          perspective
        </option>
      </select>
    </div>
  </article>
  <article
    className="inspector-item wonder-float-input"
  >
    <div
      className="item-header component-label"
      onMouseDown={[Function]}
      onMouseMove={[Function]}
      onMouseUp={[Function]}
    >
      Near
    </div>
    <div
      className="item-content"
    >
      <input
        className="input-component float-input"
        onBlur={[Function]}
        onChange={[Function]}
        type="text"
        value="123.12"
      />
    </div>
  </article>
  <article
    className="inspector-item wonder-float-input"
  >
    <div
      className="item-header component-label"
      onMouseDown={[Function]}
      onMouseMove={[Function]}
      onMouseUp={[Function]}
    >
      Far
    </div>
    <div
      className="item-content"
    >
      <input
        className="input-component float-input"
        onBlur={[Function]}
        onChange={[Function]}
        type="text"
        value="50000"
      />
    </div>
  </article>
  <article
    className="inspector-item wonder-float-input"
  >
    <div
      className="item-header component-label"
      onMouseDown={[Function]}
      onMouseMove={[Function]}
      onMouseUp={[Function]}
    >
      Fovy
    </div>
    <div
      className="item-content"
    >
      <input
        className="input-component float-input"
        onBlur={[Function]}
        onChange={[Function]}
        type="text"
        value="60"
      />
    </div>
  </article>
</article>
`;
