// Jest Snapshot v1, https://goo.gl/fbAQLP

exports[`redo_undo: ambientLight prepare first step: set currentSceneTreeNode test redo operate test redo one step undo step which from second to zero, redo step which from zero to first 1`] = `
<article
  className="wonder-header-component"
>
  <div
    className="header-nav"
  >
    <div
      className="header-item"
    >
      <div
        className="component-item"
      >
        <span
          className="item-title"
          onClick={[Function]}
          onMouseOver={[Function]}
        >
          File
        </span>
      </div>
    </div>
    <div
      className="header-item"
    >
      <div
        className="component-item"
      >
        <span
          className="item-title"
          onClick={[Function]}
          onMouseOver={[Function]}
        >
          Edit
        </span>
      </div>
    </div>
    <div
      className="header-item"
    >
      <div
        className="component-item"
      >
        <span
          className="item-title"
          onClick={[Function]}
          onMouseOver={[Function]}
        >
          Publish
        </span>
      </div>
    </div>
    <div
      className="header-item"
    >
      <div
        className="component-item"
      >
        <span
          className="item-title"
          onClick={[Function]}
          onMouseOver={[Function]}
        >
          Help
        </span>
      </div>
    </div>
  </div>
</article>
`;

exports[`redo_undo: ambientLight prepare first step: set currentSceneTreeNode test redo operate test redo two step undo step which from second to zero,redo step which from zero to second 1`] = `
<article
  className="wonder-header-component"
>
  <div
    className="header-nav"
  >
    <div
      className="header-item"
    >
      <div
        className="component-item"
      >
        <span
          className="item-title"
          onClick={[Function]}
          onMouseOver={[Function]}
        >
          File
        </span>
      </div>
    </div>
    <div
      className="header-item"
    >
      <div
        className="component-item"
      >
        <span
          className="item-title"
          onClick={[Function]}
          onMouseOver={[Function]}
        >
          Edit
        </span>
      </div>
    </div>
    <div
      className="header-item"
    >
      <div
        className="component-item"
      >
        <span
          className="item-title"
          onClick={[Function]}
          onMouseOver={[Function]}
        >
          Publish
        </span>
      </div>
    </div>
    <div
      className="header-item"
    >
      <div
        className="component-item"
      >
        <span
          className="item-title"
          onClick={[Function]}
          onMouseOver={[Function]}
        >
          Help
        </span>
      </div>
    </div>
  </div>
</article>
`;

exports[`redo_undo: ambientLight prepare first step: set currentSceneTreeNode test undo operate test not undo 1`] = `
<article
  className="wonder-header-component"
>
  <div
    className="header-nav"
  >
    <div
      className="header-item"
    >
      <div
        className="component-item"
      >
        <span
          className="item-title"
          onClick={[Function]}
          onMouseOver={[Function]}
        >
          File
        </span>
      </div>
    </div>
    <div
      className="header-item"
    >
      <div
        className="component-item"
      >
        <span
          className="item-title"
          onClick={[Function]}
          onMouseOver={[Function]}
        >
          Edit
        </span>
      </div>
    </div>
    <div
      className="header-item"
    >
      <div
        className="component-item"
      >
        <span
          className="item-title"
          onClick={[Function]}
          onMouseOver={[Function]}
        >
          Publish
        </span>
      </div>
    </div>
    <div
      className="header-item"
    >
      <div
        className="component-item"
      >
        <span
          className="item-title"
          onClick={[Function]}
          onMouseOver={[Function]}
        >
          Help
        </span>
      </div>
    </div>
  </div>
</article>
`;

exports[`redo_undo: ambientLight prepare first step: set currentSceneTreeNode test undo operate test undo one step step which from second to first 1`] = `
<article
  className="wonder-header-component"
>
  <div
    className="header-nav"
  >
    <div
      className="header-item"
    >
      <div
        className="component-item"
      >
        <span
          className="item-title"
          onClick={[Function]}
          onMouseOver={[Function]}
        >
          File
        </span>
      </div>
    </div>
    <div
      className="header-item"
    >
      <div
        className="component-item"
      >
        <span
          className="item-title"
          onClick={[Function]}
          onMouseOver={[Function]}
        >
          Edit
        </span>
      </div>
    </div>
    <div
      className="header-item"
    >
      <div
        className="component-item"
      >
        <span
          className="item-title"
          onClick={[Function]}
          onMouseOver={[Function]}
        >
          Publish
        </span>
      </div>
    </div>
    <div
      className="header-item"
    >
      <div
        className="component-item"
      >
        <span
          className="item-title"
          onClick={[Function]}
          onMouseOver={[Function]}
        >
          Help
        </span>
      </div>
    </div>
  </div>
</article>
`;

exports[`redo_undo: ambientLight prepare first step: set currentSceneTreeNode test undo operate test undo two step step which from second to zero 1`] = `
<article
  className="wonder-header-component"
>
  <div
    className="header-nav"
  >
    <div
      className="header-item"
    >
      <div
        className="component-item"
      >
        <span
          className="item-title"
          onClick={[Function]}
          onMouseOver={[Function]}
        >
          File
        </span>
      </div>
    </div>
    <div
      className="header-item"
    >
      <div
        className="component-item"
      >
        <span
          className="item-title"
          onClick={[Function]}
          onMouseOver={[Function]}
        >
          Edit
        </span>
      </div>
    </div>
    <div
      className="header-item"
    >
      <div
        className="component-item"
      >
        <span
          className="item-title"
          onClick={[Function]}
          onMouseOver={[Function]}
        >
          Publish
        </span>
      </div>
    </div>
    <div
      className="header-item"
    >
      <div
        className="component-item"
      >
        <span
          className="item-title"
          onClick={[Function]}
          onMouseOver={[Function]}
        >
          Help
        </span>
      </div>
    </div>
  </div>
</article>
`;
